Archive member included to satisfy reference by file (symbol)

/opt/bluespec/riscvtoolchain-medany-1.202210.0.1/toolchains/baremetal-medany/lib/gcc/riscv64-unknown-elf/12.2.0/rv32im/ilp32/libgcc.a(_divdi3.o)
                              /tmp/ccNIg1ty.o (__divdi3)
/opt/bluespec/riscvtoolchain-medany-1.202210.0.1/toolchains/baremetal-medany/lib/gcc/riscv64-unknown-elf/12.2.0/rv32im/ilp32/libgcc.a(_moddi3.o)
                              /tmp/ccNIg1ty.o (__moddi3)
/opt/bluespec/riscvtoolchain-medany-1.202210.0.1/toolchains/baremetal-medany/lib/gcc/riscv64-unknown-elf/12.2.0/rv32im/ilp32/libgcc.a(_clz.o)
                              /opt/bluespec/riscvtoolchain-medany-1.202210.0.1/toolchains/baremetal-medany/lib/gcc/riscv64-unknown-elf/12.2.0/rv32im/ilp32/libgcc.a(_divdi3.o) (__clz_tab)
/opt/bluespec/riscvtoolchain-medany-1.202210.0.1/toolchains/baremetal-medany/lib/gcc/riscv64-unknown-elf/12.2.0/../../../../riscv64-unknown-elf/lib/rv32im/ilp32/libc.a(lib_a-errno.o)
                              /tmp/ccNIg1ty.o (__errno)
/opt/bluespec/riscvtoolchain-medany-1.202210.0.1/toolchains/baremetal-medany/lib/gcc/riscv64-unknown-elf/12.2.0/../../../../riscv64-unknown-elf/lib/rv32im/ilp32/libc.a(lib_a-exit.o)
                              /opt/bluespec/riscvtoolchain-medany-1.202210.0.1/toolchains/baremetal-medany/lib/gcc/riscv64-unknown-elf/12.2.0/../../../../riscv64-unknown-elf/lib/rv32im/ilp32/crt0.o (exit)
/opt/bluespec/riscvtoolchain-medany-1.202210.0.1/toolchains/baremetal-medany/lib/gcc/riscv64-unknown-elf/12.2.0/../../../../riscv64-unknown-elf/lib/rv32im/ilp32/libc.a(lib_a-impure.o)
                              /opt/bluespec/riscvtoolchain-medany-1.202210.0.1/toolchains/baremetal-medany/lib/gcc/riscv64-unknown-elf/12.2.0/../../../../riscv64-unknown-elf/lib/rv32im/ilp32/libc.a(lib_a-exit.o) (_global_impure_ptr)
/opt/bluespec/riscvtoolchain-medany-1.202210.0.1/toolchains/baremetal-medany/lib/gcc/riscv64-unknown-elf/12.2.0/../../../../riscv64-unknown-elf/lib/rv32im/ilp32/libc.a(lib_a-init.o)
                              /opt/bluespec/riscvtoolchain-medany-1.202210.0.1/toolchains/baremetal-medany/lib/gcc/riscv64-unknown-elf/12.2.0/../../../../riscv64-unknown-elf/lib/rv32im/ilp32/crt0.o (__libc_init_array)
/opt/bluespec/riscvtoolchain-medany-1.202210.0.1/toolchains/baremetal-medany/lib/gcc/riscv64-unknown-elf/12.2.0/../../../../riscv64-unknown-elf/lib/rv32im/ilp32/libc.a(lib_a-memset.o)
                              /opt/bluespec/riscvtoolchain-medany-1.202210.0.1/toolchains/baremetal-medany/lib/gcc/riscv64-unknown-elf/12.2.0/../../../../riscv64-unknown-elf/lib/rv32im/ilp32/crt0.o (memset)
/opt/bluespec/riscvtoolchain-medany-1.202210.0.1/toolchains/baremetal-medany/lib/gcc/riscv64-unknown-elf/12.2.0/../../../../riscv64-unknown-elf/lib/rv32im/ilp32/libc.a(lib_a-puts.o)
                              /tmp/ccSTUjCJ.o (puts)
/opt/bluespec/riscvtoolchain-medany-1.202210.0.1/toolchains/baremetal-medany/lib/gcc/riscv64-unknown-elf/12.2.0/../../../../riscv64-unknown-elf/lib/rv32im/ilp32/libc.a(lib_a-strlen.o)
                              /opt/bluespec/riscvtoolchain-medany-1.202210.0.1/toolchains/baremetal-medany/lib/gcc/riscv64-unknown-elf/12.2.0/../../../../riscv64-unknown-elf/lib/rv32im/ilp32/libc.a(lib_a-puts.o) (strlen)
/opt/bluespec/riscvtoolchain-medany-1.202210.0.1/toolchains/baremetal-medany/lib/gcc/riscv64-unknown-elf/12.2.0/../../../../riscv64-unknown-elf/lib/rv32im/ilp32/libc.a(lib_a-__call_atexit.o)
                              /opt/bluespec/riscvtoolchain-medany-1.202210.0.1/toolchains/baremetal-medany/lib/gcc/riscv64-unknown-elf/12.2.0/../../../../riscv64-unknown-elf/lib/rv32im/ilp32/libc.a(lib_a-exit.o) (__call_exitprocs)
/opt/bluespec/riscvtoolchain-medany-1.202210.0.1/toolchains/baremetal-medany/lib/gcc/riscv64-unknown-elf/12.2.0/../../../../riscv64-unknown-elf/lib/rv32im/ilp32/libc.a(lib_a-findfp.o)
                              /opt/bluespec/riscvtoolchain-medany-1.202210.0.1/toolchains/baremetal-medany/lib/gcc/riscv64-unknown-elf/12.2.0/../../../../riscv64-unknown-elf/lib/rv32im/ilp32/libc.a(lib_a-puts.o) (__sinit)
/opt/bluespec/riscvtoolchain-medany-1.202210.0.1/toolchains/baremetal-medany/lib/gcc/riscv64-unknown-elf/12.2.0/../../../../riscv64-unknown-elf/lib/rv32im/ilp32/libc.a(lib_a-fini.o)
                              /opt/bluespec/riscvtoolchain-medany-1.202210.0.1/toolchains/baremetal-medany/lib/gcc/riscv64-unknown-elf/12.2.0/../../../../riscv64-unknown-elf/lib/rv32im/ilp32/libc.a(lib_a-__call_atexit.o) (__libc_fini_array)
/opt/bluespec/riscvtoolchain-medany-1.202210.0.1/toolchains/baremetal-medany/lib/gcc/riscv64-unknown-elf/12.2.0/../../../../riscv64-unknown-elf/lib/rv32im/ilp32/libc.a(lib_a-fvwrite.o)
                              /opt/bluespec/riscvtoolchain-medany-1.202210.0.1/toolchains/baremetal-medany/lib/gcc/riscv64-unknown-elf/12.2.0/../../../../riscv64-unknown-elf/lib/rv32im/ilp32/libc.a(lib_a-puts.o) (__sfvwrite_r)
[...]
Memory Configuration

Name             Origin             Length             Attributes
*default*        0x0000000000000000 0xffffffffffffffff

Linker script and memory map

Address of section .text-segment set to 0x80002000
LOAD /opt/bluespec/riscvtoolchain-medany-1.202210.0.1/toolchains/baremetal-medany/lib/gcc/riscv64-unknown-elf/12.2.0/../../../../riscv64-unknown-elf/lib/rv32im/ilp32/libm.a
LOAD /tmp/ccSTUjCJ.o
LOAD startup.o
LOAD /tmp/ccNIg1ty.o
LOAD /tmp/cc7TtZ89.o
LOAD /tmp/cchLGqE3.o
LOAD /opt/bluespec/riscvtoolchain-medany-1.202210.0.1/toolchains/baremetal-medany/lib/gcc/riscv64-unknown-elf/12.2.0/rv32im/ilp32/libgcc.a
LOAD /opt/bluespec/riscvtoolchain-medany-1.202210.0.1/toolchains/baremetal-medany/lib/gcc/riscv64-unknown-elf/12.2.0/../../../../riscv64-unknown-elf/lib/rv32im/ilp32/libnosys.a
LOAD /opt/bluespec/riscvtoolchain-medany-1.202210.0.1/toolchains/baremetal-medany/lib/gcc/riscv64-unknown-elf/12.2.0/rv32im/ilp32/libgcc.a
START GROUP
LOAD /opt/bluespec/riscvtoolchain-medany-1.202210.0.1/toolchains/baremetal-medany/lib/gcc/riscv64-unknown-elf/12.2.0/rv32im/ilp32/libgcc.a
LOAD /opt/bluespec/riscvtoolchain-medany-1.202210.0.1/toolchains/baremetal-medany/lib/gcc/riscv64-unknown-elf/12.2.0/../../../../riscv64-unknown-elf/lib/rv32im/ilp32/libc.a
LOAD /opt/bluespec/riscvtoolchain-medany-1.202210.0.1/toolchains/baremetal-medany/lib/gcc/riscv64-unknown-elf/12.2.0/../../../../riscv64-unknown-elf/lib/rv32im/ilp32/libnosys.a
END GROUP
LOAD /opt/bluespec/riscvtoolchain-medany-1.202210.0.1/toolchains/baremetal-medany/lib/gcc/riscv64-unknown-elf/12.2.0/rv32im/ilp32/crtend.o
                [!provide]                        PROVIDE (__executable_start = SEGMENT_START ("text-segment", 0x10000))
                0x0000000080002094                . = (SEGMENT_START ("text-segment", 0x10000) + SIZEOF_HEADERS)

.interp
 *(.interp)

.note.gnu.build-id
 *(.note.gnu.build-id)

.hash
 *(.hash)

.gnu.hash
 *(.gnu.hash)

.dynsym
 *(.dynsym)

.dynstr
 *(.dynstr)

.gnu.version
 *(.gnu.version)

.gnu.version_d
 *(.gnu.version_d)

.gnu.version_r
 *(.gnu.version_r)

.rela.dyn       0x0000000080002094        0x0
 *(.rela.init)
 *(.rela.text .rela.text.* .rela.gnu.linkonce.t.*)
 .rela.text     0x0000000080002094        0x0 /opt/bluespec/riscvtoolchain-medany-1.202210.0.1/toolchains/baremetal-medany/lib/gcc/riscv64-unknown-elf/12.2.0/../../../../riscv64-unknown-elf/lib/rv32im/ilp32/crt0.o
 .rela.text.init
                0x0000000080002094        0x0 /opt/bluespec/riscvtoolchain-medany-1.202210.0.1/toolchains/baremetal-medany/lib/gcc/riscv64-unknown-elf/12.2.0/../../../../riscv64-unknown-elf/lib/rv32im/ilp32/crt0.o
 .rela.text.__libc_init_array
                0x0000000080002094        0x0 /opt/bluespec/riscvtoolchain-medany-1.202210.0.1/toolchains/baremetal-medany/lib/gcc/riscv64-unknown-elf/12.2.0/../../../../riscv64-unknown-elf/lib/rv32im/ilp32/crt0.o
 .rela.text.startup.register_fini
                0x0000000080002094        0x0 /opt/bluespec/riscvtoolchain-medany-1.202210.0.1/toolchains/baremetal-medany/lib/gcc/riscv64-unknown-elf/12.2.0/../../../../riscv64-unknown-elf/lib/rv32im/ilp32/crt0.o
 .rela.text.__libc_fini_array
                0x0000000080002094        0x0 /opt/bluespec/riscvtoolchain-medany-1.202210.0.1/toolchains/baremetal-medany/lib/gcc/riscv64-unknown-elf/12.2.0/../../../../riscv64-unknown-elf/lib/rv32im/ilp32/crt0.o
 *(.rela.fini)
 *(.rela.rodata .rela.rodata.* .rela.gnu.linkonce.r.*)
 *(.rela.data .rela.data.* .rela.gnu.linkonce.d.*)
 *(.rela.tdata .rela.tdata.* .rela.gnu.linkonce.td.*)
 *(.rela.tbss .rela.tbss.* .rela.gnu.linkonce.tb.*)
 *(.rela.ctors)
 *(.rela.dtors)
 *(.rela.got)
 *(.rela.sdata .rela.sdata.* .rela.gnu.linkonce.s.*)
 *(.rela.sbss .rela.sbss.* .rela.gnu.linkonce.sb.*)
 *(.rela.sdata2 .rela.sdata2.* .rela.gnu.linkonce.s2.*)
 *(.rela.sbss2 .rela.sbss2.* .rela.gnu.linkonce.sb2.*)
 *(.rela.bss .rela.bss.* .rela.gnu.linkonce.b.*)
 *(.rela.ifunc)

.rela.plt       0x0000000080002094        0x0
 *(.rela.plt)
                [!provide]                        PROVIDE (__rela_iplt_start = .)
 *(.rela.iplt)
                [!provide]                        PROVIDE (__rela_iplt_end = .)

.init
 *(SORT_NONE(.init))

.plt
 *(.plt)
 *(.iplt)

.text           0x0000000080002094     0x442c
 *(.text.unlikely .text.*_unlikely .text.unlikely.*)
 *(.text.exit .text.exit.*)
 .text.exit     0x0000000080002094       0x30 /opt/bluespec/riscvtoolchain-medany-1.202210.0.1/toolchains/baremetal-medany/lib/gcc/riscv64-unknown-elf/12.2.0/../../../../riscv64-unknown-elf/lib/rv32im/ilp32/libc.a(lib_a-exit.o)
                0x0000000080002094                exit
 *(.text.startup .text.startup.*)
 .text.startup.register_fini
                0x00000000800020c4       0x18 /opt/bluespec/riscvtoolchain-medany-1.202210.0.1/toolchains/baremetal-medany/lib/gcc/riscv64-unknown-elf/12.2.0/../../../../riscv64-unknown-elf/lib/rv32im/ilp32/libc.a(lib_a-__call_atexit.o)
 *(.text.hot .text.hot.*)
 *(SORT_BY_NAME(.text.sorted.*))
 *(.text .stub .text.* .gnu.linkonce.t.*)
 .text          0x00000000800020dc       0x4c /opt/bluespec/riscvtoolchain-medany-1.202210.0.1/toolchains/baremetal-medany/lib/gcc/riscv64-unknown-elf/12.2.0/../../../../riscv64-unknown-elf/lib/rv32im/ilp32/crt0.o
                0x00000000800020dc                _start
 .text          0x0000000080002128       0x68 /opt/bluespec/riscvtoolchain-medany-1.202210.0.1/toolchains/baremetal-medany/lib/gcc/riscv64-unknown-elf/12.2.0/rv32im/ilp32/crtbegin.o
 .text          0x0000000080002190        0x0 startup.o
 .text          0x0000000080002190       0x3c /tmp/ccSTUjCJ.o
                0x0000000080002190                main
 .text          0x00000000800021cc      0x4e8 /tmp/ccNIg1ty.o
                0x00000000800021cc                read
                0x0000000080002258                write
                0x00000000800022c4                gettimeofday
                0x00000000800023bc                sleep
                0x0000000080002468                _sbrk
                0x00000000800024a4                _write
                0x0000000080002510                _close
                0x000000008000254c                _lseek
                0x0000000080002590                _read
                0x00000000800025d4                _fstat
                0x0000000080002614                _isatty
                0x0000000080002650                _kill
                0x0000000080002690                _getpid
 .text          0x00000000800026b4      0x1e8 /tmp/cc7TtZ89.o
                0x000000008000278c                ns16550_rxready
                0x00000000800027c4                ns16550_rxchar
                0x000000008000280c                ns16550_txchar
                0x0000000080002860                ns16550_flush
 .text          0x000000008000289c      0x2c8 /tmp/cchLGqE3.o
                0x000000008000289c                read_cycle
                0x0000000080002908                read_time
                0x0000000080002974                read_instret
                0x00000000800029e0                fence
                0x0000000080002a00                addr_to_pointer
                0x0000000080002a30                io_read32
                0x0000000080002a74                io_write32
                0x0000000080002ac0                io_read64
                0x0000000080002b0c                io_write64
 .text          0x0000000080002b64      0x478 /opt/bluespec/riscvtoolchain-medany-1.202210.0.1/toolchains/baremetal-medany/lib/gcc/riscv64-unknown-elf/12.2.0/rv32im/ilp32/libgcc.a(_divdi3.o)
                0x0000000080002b64                __divdi3
 .text          0x0000000080002fdc      0x450 /opt/bluespec/riscvtoolchain-medany-1.202210.0.1/toolchains/baremetal-medany/lib/gcc/riscv64-unknown-elf/12.2.0/rv32im/ilp32/libgcc.a(_moddi3.o)
                0x0000000080002fdc                __moddi3
 .text          0x000000008000342c        0x0 /opt/bluespec/riscvtoolchain-medany-1.202210.0.1/toolchains/baremetal-medany/lib/gcc/riscv64-unknown-elf/12.2.0/rv32im/ilp32/libgcc.a(_clz.o)
 .text          0x000000008000342c        0x0 /opt/bluespec/riscvtoolchain-medany-1.202210.0.1/toolchains/baremetal-medany/lib/gcc/riscv64-unknown-elf/12.2.0/../../../../riscv64-unknown-elf/lib/rv32im/ilp32/libc.a(lib_a-errno.o)
 .text.__errno  0x000000008000342c        0x8 /opt/bluespec/riscvtoolchain-medany-1.202210.0.1/toolchains/baremetal-medany/lib/gcc/riscv64-unknown-elf/12.2.0/../../../../riscv64-unknown-elf/lib/rv32im/ilp32/libc.a(lib_a-errno.o)
                0x000000008000342c                __errno
 .text          0x0000000080003434        0x0 /opt/bluespec/riscvtoolchain-medany-1.202210.0.1/toolchains/baremetal-medany/lib/gcc/riscv64-unknown-elf/12.2.0/../../../../riscv64-unknown-elf/lib/rv32im/ilp32/libc.a(lib_a-exit.o)
 .text          0x0000000080003434        0x0 /opt/bluespec/riscvtoolchain-medany-1.202210.0.1/toolchains/baremetal-medany/lib/gcc/riscv64-unknown-elf/12.2.0/../../../../riscv64-unknown-elf/lib/rv32im/ilp32/libc.a(lib_a-impure.o)
 .text          0x0000000080003434        0x0 /opt/bluespec/riscvtoolchain-medany-1.202210.0.1/toolchains/baremetal-medany/lib/gcc/riscv64-unknown-elf/12.2.0/../../../../riscv64-unknown-elf/lib/rv32im/ilp32/libc.a(lib_a-init.o)
 .text.__libc_init_array
                0x0000000080003434       0x94 /opt/bluespec/riscvtoolchain-medany-1.202210.0.1/toolchains/baremetal-medany/lib/gcc/riscv64-unknown-elf/12.2.0/../../../../riscv64-unknown-elf/lib/rv32im/ilp32/libc.a(lib_a-init.o)
                0x0000000080003434                __libc_init_array
 .text          0x00000000800034c8       0xdc /opt/bluespec/riscvtoolchain-medany-1.202210.0.1/toolchains/baremetal-medany/lib/gcc/riscv64-unknown-elf/12.2.0/../../../../riscv64-unknown-elf/lib/rv32im/ilp32/libc.a(lib_a-memset.o)
                0x00000000800034c8                memset
 .text          0x00000000800035a4        0x0 /opt/bluespec/riscvtoolchain-medany-1.202210.0.1/toolchains/baremetal-medany/lib/gcc/riscv64-unknown-elf/12.2.0/../../../../riscv64-unknown-elf/lib/rv32im/ilp32/libc.a(lib_a-puts.o)
 .text._puts_r  0x00000000800035a4       0xd0 /opt/bluespec/riscvtoolchain-medany-1.202210.0.1/toolchains/baremetal-medany/lib/gcc/riscv64-unknown-elf/12.2.0/../../../../riscv64-unknown-elf/lib/rv32im/ilp32/libc.a(lib_a-puts.o)
                0x00000000800035a4                _puts_r
 .text.puts     0x0000000080003674        0xc /opt/bluespec/riscvtoolchain-medany-1.202210.0.1/toolchains/baremetal-medany/lib/gcc/riscv64-unknown-elf/12.2.0/../../../../riscv64-unknown-elf/lib/rv32im/ilp32/libc.a(lib_a-puts.o)
                0x0000000080003674                puts
 .text          0x0000000080003680        0x0 /opt/bluespec/riscvtoolchain-medany-1.202210.0.1/toolchains/baremetal-medany/lib/gcc/riscv64-unknown-elf/12.2.0/../../../../riscv64-unknown-elf/lib/rv32im/ilp32/libc.a(lib_a-strlen.o)
 .text.strlen   0x0000000080003680       0x8c /opt/bluespec/riscvtoolchain-medany-1.202210.0.1/toolchains/baremetal-medany/lib/gcc/riscv64-unknown-elf/12.2.0/../../../../riscv64-unknown-elf/lib/rv32im/ilp32/libc.a(lib_a-strlen.o)
                0x0000000080003680                strlen
 .text          0x000000008000370c        0x0 /opt/bluespec/riscvtoolchain-medany-1.202210.0.1/toolchains/baremetal-medany/lib/gcc/riscv64-unknown-elf/12.2.0/../../../../riscv64-unknown-elf/lib/rv32im/ilp32/libc.a(lib_a-__call_atexit.o)
 .text.__call_exitprocs
                0x000000008000370c      0x120 /opt/bluespec/riscvtoolchain-medany-1.202210.0.1/toolchains/baremetal-medany/lib/gcc/riscv64-unknown-elf/12.2.0/../../../../riscv64-unknown-elf/lib/rv32im/ilp32/libc.a(lib_a-__call_atexit.o)
                0x000000008000370c                __call_exitprocs
 .text          0x000000008000382c        0x0 /opt/bluespec/riscvtoolchain-medany-1.202210.0.1/toolchains/baremetal-medany/lib/gcc/riscv64-unknown-elf/12.2.0/../../../../riscv64-unknown-elf/lib/rv32im/ilp32/libc.a(lib_a-findfp.o)
 .text.__fp_lock
                0x000000008000382c        0x8 /opt/bluespec/riscvtoolchain-medany-1.202210.0.1/toolchains/baremetal-medany/lib/gcc/riscv64-unknown-elf/12.2.0/../../../../riscv64-unknown-elf/lib/rv32im/ilp32/libc.a(lib_a-findfp.o)
 .text._cleanup_r
                0x0000000080003834        0xc /opt/bluespec/riscvtoolchain-medany-1.202210.0.1/toolchains/baremetal-medany/lib/gcc/riscv64-unknown-elf/12.2.0/../../../../riscv64-unknown-elf/lib/rv32im/ilp32/libc.a(lib_a-findfp.o)
                0x0000000080003834                _cleanup_r
 .text.__fp_unlock
                0x0000000080003840        0x8 /opt/bluespec/riscvtoolchain-medany-1.202210.0.1/toolchains/baremetal-medany/lib/gcc/riscv64-unknown-elf/12.2.0/../../../../riscv64-unknown-elf/lib/rv32im/ilp32/libc.a(lib_a-findfp.o)
 .text.__sinit.part.0
                0x0000000080003848      0x184 /opt/bluespec/riscvtoolchain-medany-1.202210.0.1/toolchains/baremetal-medany/lib/gcc/riscv64-unknown-elf/12.2.0/../../../../riscv64-unknown-elf/lib/rv32im/ilp32/libc.a(lib_a-findfp.o)
 .text.__sfmoreglue
                0x00000000800039cc       0x6c /opt/bluespec/riscvtoolchain-medany-1.202210.0.1/toolchains/baremetal-medany/lib/gcc/riscv64-unknown-elf/12.2.0/../../../../riscv64-unknown-elf/lib/rv32im/ilp32/libc.a(lib_a-findfp.o)
                0x00000000800039cc                __sfmoreglue
 .text.__sfp    0x0000000080003a38      0x12c /opt/bluespec/riscvtoolchain-medany-1.202210.0.1/toolchains/baremetal-medany/lib/gcc/riscv64-unknown-elf/12.2.0/../../../../riscv64-unknown-elf/lib/rv32im/ilp32/libc.a(lib_a-findfp.o)
                0x0000000080003a38                __sfp
 .text._cleanup
                0x0000000080003b64       0x10 /opt/bluespec/riscvtoolchain-medany-1.202210.0.1/toolchains/baremetal-medany/lib/gcc/riscv64-unknown-elf/12.2.0/../../../../riscv64-unknown-elf/lib/rv32im/ilp32/libc.a(lib_a-findfp.o)
                0x0000000080003b64                _cleanup
 .text.__sinit  0x0000000080003b74       0x10 /opt/bluespec/riscvtoolchain-medany-1.202210.0.1/toolchains/baremetal-medany/lib/gcc/riscv64-unknown-elf/12.2.0/../../../../riscv64-unknown-elf/lib/rv32im/ilp32/libc.a(lib_a-findfp.o)
                0x0000000080003b74                __sinit
 .text.__sfp_lock_acquire
                0x0000000080003b84        0x4 /opt/bluespec/riscvtoolchain-medany-1.202210.0.1/toolchains/baremetal-medany/lib/gcc/riscv64-unknown-elf/12.2.0/../../../../riscv64-unknown-elf/lib/rv32im/ilp32/libc.a(lib_a-findfp.o)
                0x0000000080003b84                __sfp_lock_acquire
 .text.__sfp_lock_release
                0x0000000080003b88        0x4 /opt/bluespec/riscvtoolchain-medany-1.202210.0.1/toolchains/baremetal-medany/lib/gcc/riscv64-unknown-elf/12.2.0/../../../../riscv64-unknown-elf/lib/rv32im/ilp32/libc.a(lib_a-findfp.o)
                0x0000000080003b88                __sfp_lock_release
 .text.__sinit_lock_acquire
                0x0000000080003b8c        0x4 /opt/bluespec/riscvtoolchain-medany-1.202210.0.1/toolchains/baremetal-medany/lib/gcc/riscv64-unknown-elf/12.2.0/../../../../riscv64-unknown-elf/lib/rv32im/ilp32/libc.a(lib_a-findfp.o)
                0x0000000080003b8c                __sinit_lock_acquire
 .text.__sinit_lock_release
                0x0000000080003b90        0x4 /opt/bluespec/riscvtoolchain-medany-1.202210.0.1/toolchains/baremetal-medany/lib/gcc/riscv64-unknown-elf/12.2.0/../../../../riscv64-unknown-elf/lib/rv32im/ilp32/libc.a(lib_a-findfp.o)
                0x0000000080003b90                __sinit_lock_release
 .text.__fp_lock_all
                0x0000000080003b94       0x10 /opt/bluespec/riscvtoolchain-medany-1.202210.0.1/toolchains/baremetal-medany/lib/gcc/riscv64-unknown-elf/12.2.0/../../../../riscv64-unknown-elf/lib/rv32im/ilp32/libc.a(lib_a-findfp.o)
                0x0000000080003b94                __fp_lock_all
 .text.__fp_unlock_all
                0x0000000080003ba4       0x10 /opt/bluespec/riscvtoolchain-medany-1.202210.0.1/toolchains/baremetal-medany/lib/gcc/riscv64-unknown-elf/12.2.0/../../../../riscv64-unknown-elf/lib/rv32im/ilp32/libc.a(lib_a-findfp.o)
                0x0000000080003ba4                __fp_unlock_all
 .text          0x0000000080003bb4        0x0 /opt/bluespec/riscvtoolchain-medany-1.202210.0.1/toolchains/baremetal-medany/lib/gcc/riscv64-unknown-elf/12.2.0/../../../../riscv64-unknown-elf/lib/rv32im/ilp32/libc.a(lib_a-fini.o)
 .text.__libc_fini_array
                0x0000000080003bb4       0x5c /opt/bluespec/riscvtoolchain-medany-1.202210.0.1/toolchains/baremetal-medany/lib/gcc/riscv64-unknown-elf/12.2.0/../../../../riscv64-unknown-elf/lib/rv32im/ilp32/libc.a(lib_a-fini.o)
                0x0000000080003bb4                __libc_fini_array
 .text          0x0000000080003c10        0x0 /opt/bluespec/riscvtoolchain-medany-1.202210.0.1/toolchains/baremetal-medany/lib/gcc/riscv64-unknown-elf/12.2.0/../../../../riscv64-unknown-elf/lib/rv32im/ilp32/libc.a(lib_a-fvwrite.o)
 .text.__sfvwrite_r
                0x0000000080003c10      0x49c /opt/bluespec/riscvtoolchain-medany-1.202210.0.1/toolchains/baremetal-medany/lib/gcc/riscv64-unknown-elf/12.2.0/../../../../riscv64-unknown-elf/lib/rv32im/ilp32/libc.a(lib_a-fvwrite.o)
                0x0000000080003c10                __sfvwrite_r
 .text          0x00000000800040ac        0x0 /opt/bluespec/riscvtoolchain-medany-1.202210.0.1/toolchains/baremetal-medany/lib/gcc/riscv64-unknown-elf/12.2.0/../../../../riscv64-unknown-elf/lib/rv32im/ilp32/libc.a(lib_a-fwalk.o)
 .text._fwalk   0x00000000800040ac       0xa4 /opt/bluespec/riscvtoolchain-medany-1.202210.0.1/toolchains/baremetal-medany/lib/gcc/riscv64-unknown-elf/12.2.0/../../../../riscv64-unknown-elf/lib/rv32im/ilp32/libc.a(lib_a-fwalk.o)
                0x00000000800040ac                _fwalk
 .text._fwalk_reent
                0x0000000080004150       0xb4 /opt/bluespec/riscvtoolchain-medany-1.202210.0.1/toolchains/baremetal-medany/lib/gcc/riscv64-unknown-elf/12.2.0/../../../../riscv64-unknown-elf/lib/rv32im/ilp32/libc.a(lib_a-fwalk.o)
                0x0000000080004150                _fwalk_reent
 .text          0x0000000080004204        0x0 /opt/bluespec/riscvtoolchain-medany-1.202210.0.1/toolchains/baremetal-medany/lib/gcc/riscv64-unknown-elf/12.2.0/../../../../riscv64-unknown-elf/lib/rv32im/ilp32/libc.a(lib_a-mallocr.o)
 .text._malloc_r
                0x0000000080004204      0x78c /opt/bluespec/riscvtoolchain-medany-1.202210.0.1/toolchains/baremetal-medany/lib/gcc/riscv64-unknown-elf/12.2.0/../../../../riscv64-unknown-elf/lib/rv32im/ilp32/libc.a(lib_a-mallocr.o)
                0x0000000080004204                _malloc_r
 .text          0x0000000080004990        0x0 /opt/bluespec/riscvtoolchain-medany-1.202210.0.1/toolchains/baremetal-medany/lib/gcc/riscv64-unknown-elf/12.2.0/../../../../riscv64-unknown-elf/lib/rv32im/ilp32/libc.a(lib_a-memchr.o)
 .text.memchr   0x0000000080004990       0xc4 /opt/bluespec/riscvtoolchain-medany-1.202210.0.1/toolchains/baremetal-medany/lib/gcc/riscv64-unknown-elf/12.2.0/../../../../riscv64-unknown-elf/lib/rv32im/ilp32/libc.a(lib_a-memchr.o)
                0x0000000080004990                memchr
 .text          0x0000000080004a54        0x0 /opt/bluespec/riscvtoolchain-medany-1.202210.0.1/toolchains/baremetal-medany/lib/gcc/riscv64-unknown-elf/12.2.0/../../../../riscv64-unknown-elf/lib/rv32im/ilp32/libc.a(lib_a-memcpy.o)
 .text.memcpy   0x0000000080004a54      0x1a4 /opt/bluespec/riscvtoolchain-medany-1.202210.0.1/toolchains/baremetal-medany/lib/gcc/riscv64-unknown-elf/12.2.0/../../../../riscv64-unknown-elf/lib/rv32im/ilp32/libc.a(lib_a-memcpy.o)
                0x0000000080004a54                memcpy
 .text          0x0000000080004bf8        0x0 /opt/bluespec/riscvtoolchain-medany-1.202210.0.1/toolchains/baremetal-medany/lib/gcc/riscv64-unknown-elf/12.2.0/../../../../riscv64-unknown-elf/lib/rv32im/ilp32/libc.a(lib_a-memmove-stub.o)
 .text.memmove  0x0000000080004bf8      0x11c /opt/bluespec/riscvtoolchain-medany-1.202210.0.1/toolchains/baremetal-medany/lib/gcc/riscv64-unknown-elf/12.2.0/../../../../riscv64-unknown-elf/lib/rv32im/ilp32/libc.a(lib_a-memmove-stub.o)
                0x0000000080004bf8                memmove
 .text          0x0000000080004d14        0x0 /opt/bluespec/riscvtoolchain-medany-1.202210.0.1/toolchains/baremetal-medany/lib/gcc/riscv64-unknown-elf/12.2.0/../../../../riscv64-unknown-elf/lib/rv32im/ilp32/libc.a(lib_a-mlock.o)
 .text.__malloc_lock
                0x0000000080004d14        0x4 /opt/bluespec/riscvtoolchain-medany-1.202210.0.1/toolchains/baremetal-medany/lib/gcc/riscv64-unknown-elf/12.2.0/../../../../riscv64-unknown-elf/lib/rv32im/ilp32/libc.a(lib_a-mlock.o)
                0x0000000080004d14                __malloc_lock
 .text.__malloc_unlock
                0x0000000080004d18        0x4 /opt/bluespec/riscvtoolchain-medany-1.202210.0.1/toolchains/baremetal-medany/lib/gcc/riscv64-unknown-elf/12.2.0/../../../../riscv64-unknown-elf/lib/rv32im/ilp32/libc.a(lib_a-mlock.o)
                0x0000000080004d18                __malloc_unlock
 .text          0x0000000080004d1c        0x0 /opt/bluespec/riscvtoolchain-medany-1.202210.0.1/toolchains/baremetal-medany/lib/gcc/riscv64-unknown-elf/12.2.0/../../../../riscv64-unknown-elf/lib/rv32im/ilp32/libc.a(lib_a-reallocr.o)
 .text._realloc_r
                0x0000000080004d1c      0x558 /opt/bluespec/riscvtoolchain-medany-1.202210.0.1/toolchains/baremetal-medany/lib/gcc/riscv64-unknown-elf/12.2.0/../../../../riscv64-unknown-elf/lib/rv32im/ilp32/libc.a(lib_a-reallocr.o)
                0x0000000080004d1c                _realloc_r
 .text          0x0000000080005274        0x0 /opt/bluespec/riscvtoolchain-medany-1.202210.0.1/toolchains/baremetal-medany/lib/gcc/riscv64-unknown-elf/12.2.0/../../../../riscv64-unknown-elf/lib/rv32im/ilp32/libc.a(lib_a-sbrkr.o)
 .text._sbrk_r  0x0000000080005274       0x50 /opt/bluespec/riscvtoolchain-medany-1.202210.0.1/toolchains/baremetal-medany/lib/gcc/riscv64-unknown-elf/12.2.0/../../../../riscv64-unknown-elf/lib/rv32im/ilp32/libc.a(lib_a-sbrkr.o)
                0x0000000080005274                _sbrk_r
 .text          0x00000000800052c4        0x0 /opt/bluespec/riscvtoolchain-medany-1.202210.0.1/toolchains/baremetal-medany/lib/gcc/riscv64-unknown-elf/12.2.0/../../../../riscv64-unknown-elf/lib/rv32im/ilp32/libc.a(lib_a-stdio.o)
 .text.__sread  0x00000000800052c4       0x5c /opt/bluespec/riscvtoolchain-medany-1.202210.0.1/toolchains/baremetal-medany/lib/gcc/riscv64-unknown-elf/12.2.0/../../../../riscv64-unknown-elf/lib/rv32im/ilp32/libc.a(lib_a-stdio.o)
                0x00000000800052c4                __sread
 .text.__seofread
                0x0000000080005320        0x8 /opt/bluespec/riscvtoolchain-medany-1.202210.0.1/toolchains/baremetal-medany/lib/gcc/riscv64-unknown-elf/12.2.0/../../../../riscv64-unknown-elf/lib/rv32im/ilp32/libc.a(lib_a-stdio.o)
                0x0000000080005320                __seofread
 .text.__swrite
                0x0000000080005328       0x88 /opt/bluespec/riscvtoolchain-medany-1.202210.0.1/toolchains/baremetal-medany/lib/gcc/riscv64-unknown-elf/12.2.0/../../../../riscv64-unknown-elf/lib/rv32im/ilp32/libc.a(lib_a-stdio.o)
                0x0000000080005328                __swrite
 .text.__sseek  0x00000000800053b0       0x78 /opt/bluespec/riscvtoolchain-medany-1.202210.0.1/toolchains/baremetal-medany/lib/gcc/riscv64-unknown-elf/12.2.0/../../../../riscv64-unknown-elf/lib/rv32im/ilp32/libc.a(lib_a-stdio.o)
                0x00000000800053b0                __sseek
 .text.__sclose
                0x0000000080005428        0x8 /opt/bluespec/riscvtoolchain-medany-1.202210.0.1/toolchains/baremetal-medany/lib/gcc/riscv64-unknown-elf/12.2.0/../../../../riscv64-unknown-elf/lib/rv32im/ilp32/libc.a(lib_a-stdio.o)
                0x0000000080005428                __sclose
 .text          0x0000000080005430        0x0 /opt/bluespec/riscvtoolchain-medany-1.202210.0.1/toolchains/baremetal-medany/lib/gcc/riscv64-unknown-elf/12.2.0/../../../../riscv64-unknown-elf/lib/rv32im/ilp32/libc.a(lib_a-writer.o)
 .text._write_r
                0x0000000080005430       0x5c /opt/bluespec/riscvtoolchain-medany-1.202210.0.1/toolchains/baremetal-medany/lib/gcc/riscv64-unknown-elf/12.2.0/../../../../riscv64-unknown-elf/lib/rv32im/ilp32/libc.a(lib_a-writer.o)
                0x0000000080005430                _write_r
 .text          0x000000008000548c        0x0 /opt/bluespec/riscvtoolchain-medany-1.202210.0.1/toolchains/baremetal-medany/lib/gcc/riscv64-unknown-elf/12.2.0/../../../../riscv64-unknown-elf/lib/rv32im/ilp32/libc.a(lib_a-wsetup.o)
 .text.__swsetup_r
                0x000000008000548c      0x140 /opt/bluespec/riscvtoolchain-medany-1.202210.0.1/toolchains/baremetal-medany/lib/gcc/riscv64-unknown-elf/12.2.0/../../../../riscv64-unknown-elf/lib/rv32im/ilp32/libc.a(lib_a-wsetup.o)
                0x000000008000548c                __swsetup_r
 .text          0x00000000800055cc        0x0 /opt/bluespec/riscvtoolchain-medany-1.202210.0.1/toolchains/baremetal-medany/lib/gcc/riscv64-unknown-elf/12.2.0/../../../../riscv64-unknown-elf/lib/rv32im/ilp32/libc.a(lib_a-atexit.o)
 .text.atexit   0x00000000800055cc       0x14 /opt/bluespec/riscvtoolchain-medany-1.202210.0.1/toolchains/baremetal-medany/lib/gcc/riscv64-unknown-elf/12.2.0/../../../../riscv64-unknown-elf/lib/rv32im/ilp32/libc.a(lib_a-atexit.o)
                0x00000000800055cc                atexit
 .text          0x00000000800055e0        0x0 /opt/bluespec/riscvtoolchain-medany-1.202210.0.1/toolchains/baremetal-medany/lib/gcc/riscv64-unknown-elf/12.2.0/../../../../riscv64-unknown-elf/lib/rv32im/ilp32/libc.a(lib_a-closer.o)
 .text._close_r
                0x00000000800055e0       0x50 /opt/bluespec/riscvtoolchain-medany-1.202210.0.1/toolchains/baremetal-medany/lib/gcc/riscv64-unknown-elf/12.2.0/../../../../riscv64-unknown-elf/lib/rv32im/ilp32/libc.a(lib_a-closer.o)
                0x00000000800055e0                _close_r
 .text          0x0000000080005630        0x0 /opt/bluespec/riscvtoolchain-medany-1.202210.0.1/toolchains/baremetal-medany/lib/gcc/riscv64-unknown-elf/12.2.0/../../../../riscv64-unknown-elf/lib/rv32im/ilp32/libc.a(lib_a-fclose.o)
 .text._fclose_r
                0x0000000080005630      0x110 /opt/bluespec/riscvtoolchain-medany-1.202210.0.1/toolchains/baremetal-medany/lib/gcc/riscv64-unknown-elf/12.2.0/../../../../riscv64-unknown-elf/lib/rv32im/ilp32/libc.a(lib_a-fclose.o)
                0x0000000080005630                _fclose_r
 .text.fclose   0x0000000080005740        0xc /opt/bluespec/riscvtoolchain-medany-1.202210.0.1/toolchains/baremetal-medany/lib/gcc/riscv64-unknown-elf/12.2.0/../../../../riscv64-unknown-elf/lib/rv32im/ilp32/libc.a(lib_a-fclose.o)
                0x0000000080005740                fclose
 .text          0x000000008000574c        0x0 /opt/bluespec/riscvtoolchain-medany-1.202210.0.1/toolchains/baremetal-medany/lib/gcc/riscv64-unknown-elf/12.2.0/../../../../riscv64-unknown-elf/lib/rv32im/ilp32/libc.a(lib_a-fflush.o)
 .text.__sflush_r
                0x000000008000574c      0x24c /opt/bluespec/riscvtoolchain-medany-1.202210.0.1/toolchains/baremetal-medany/lib/gcc/riscv64-unknown-elf/12.2.0/../../../../riscv64-unknown-elf/lib/rv32im/ilp32/libc.a(lib_a-fflush.o)
                0x000000008000574c                __sflush_r
 .text._fflush_r
                0x0000000080005998       0x60 /opt/bluespec/riscvtoolchain-medany-1.202210.0.1/toolchains/baremetal-medany/lib/gcc/riscv64-unknown-elf/12.2.0/../../../../riscv64-unknown-elf/lib/rv32im/ilp32/libc.a(lib_a-fflush.o)
                0x0000000080005998                _fflush_r
 .text.fflush   0x00000000800059f8       0x7c /opt/bluespec/riscvtoolchain-medany-1.202210.0.1/toolchains/baremetal-medany/lib/gcc/riscv64-unknown-elf/12.2.0/../../../../riscv64-unknown-elf/lib/rv32im/ilp32/libc.a(lib_a-fflush.o)
                0x00000000800059f8                fflush
 .text          0x0000000080005a74        0x0 /opt/bluespec/riscvtoolchain-medany-1.202210.0.1/toolchains/baremetal-medany/lib/gcc/riscv64-unknown-elf/12.2.0/../../../../riscv64-unknown-elf/lib/rv32im/ilp32/libc.a(lib_a-freer.o)
 .text._malloc_trim_r
                0x0000000080005a74      0x134 /opt/bluespec/riscvtoolchain-medany-1.202210.0.1/toolchains/baremetal-medany/lib/gcc/riscv64-unknown-elf/12.2.0/../../../../riscv64-unknown-elf/lib/rv32im/ilp32/libc.a(lib_a-freer.o)
                0x0000000080005a74                _malloc_trim_r
 .text._free_r  0x0000000080005ba8      0x304 /opt/bluespec/riscvtoolchain-medany-1.202210.0.1/toolchains/baremetal-medany/lib/gcc/riscv64-unknown-elf/12.2.0/../../../../riscv64-unknown-elf/lib/rv32im/ilp32/libc.a(lib_a-freer.o)
                0x0000000080005ba8                _free_r
 .text          0x0000000080005eac        0x0 /opt/bluespec/riscvtoolchain-medany-1.202210.0.1/toolchains/baremetal-medany/lib/gcc/riscv64-unknown-elf/12.2.0/../../../../riscv64-unknown-elf/lib/rv32im/ilp32/libc.a(lib_a-lseekr.o)
 .text._lseek_r
                0x0000000080005eac       0x5c /opt/bluespec/riscvtoolchain-medany-1.202210.0.1/toolchains/baremetal-medany/lib/gcc/riscv64-unknown-elf/12.2.0/../../../../riscv64-unknown-elf/lib/rv32im/ilp32/libc.a(lib_a-lseekr.o)
                0x0000000080005eac                _lseek_r
 .text          0x0000000080005f08        0x0 /opt/bluespec/riscvtoolchain-medany-1.202210.0.1/toolchains/baremetal-medany/lib/gcc/riscv64-unknown-elf/12.2.0/../../../../riscv64-unknown-elf/lib/rv32im/ilp32/libc.a(lib_a-makebuf.o)
 .text.__smakebuf_r
                0x0000000080005f08      0x190 /opt/bluespec/riscvtoolchain-medany-1.202210.0.1/toolchains/baremetal-medany/lib/gcc/riscv64-unknown-elf/12.2.0/../../../../riscv64-unknown-elf/lib/rv32im/ilp32/libc.a(lib_a-makebuf.o)
                0x0000000080005f08                __smakebuf_r
 .text.__swhatbuf_r
                0x0000000080006098       0xd8 /opt/bluespec/riscvtoolchain-medany-1.202210.0.1/toolchains/baremetal-medany/lib/gcc/riscv64-unknown-elf/12.2.0/../../../../riscv64-unknown-elf/lib/rv32im/ilp32/libc.a(lib_a-makebuf.o)
                0x0000000080006098                __swhatbuf_r
 .text          0x0000000080006170        0x0 /opt/bluespec/riscvtoolchain-medany-1.202210.0.1/toolchains/baremetal-medany/lib/gcc/riscv64-unknown-elf/12.2.0/../../../../riscv64-unknown-elf/lib/rv32im/ilp32/libc.a(lib_a-readr.o)
 .text._read_r  0x0000000080006170       0x5c /opt/bluespec/riscvtoolchain-medany-1.202210.0.1/toolchains/baremetal-medany/lib/gcc/riscv64-unknown-elf/12.2.0/../../../../riscv64-unknown-elf/lib/rv32im/ilp32/libc.a(lib_a-readr.o)
                0x0000000080006170                _read_r
 .text          0x00000000800061cc        0x0 /opt/bluespec/riscvtoolchain-medany-1.202210.0.1/toolchains/baremetal-medany/lib/gcc/riscv64-unknown-elf/12.2.0/../../../../riscv64-unknown-elf/lib/rv32im/ilp32/libc.a(lib_a-reent.o)
 .text.cleanup_glue
                0x00000000800061cc       0x94 /opt/bluespec/riscvtoolchain-medany-1.202210.0.1/toolchains/baremetal-medany/lib/gcc/riscv64-unknown-elf/12.2.0/../../../../riscv64-unknown-elf/lib/rv32im/ilp32/libc.a(lib_a-reent.o)
                0x00000000800061cc                cleanup_glue
 .text._reclaim_reent
                0x0000000080006260      0x11c /opt/bluespec/riscvtoolchain-medany-1.202210.0.1/toolchains/baremetal-medany/lib/gcc/riscv64-unknown-elf/12.2.0/../../../../riscv64-unknown-elf/lib/rv32im/ilp32/libc.a(lib_a-reent.o)
                0x0000000080006260                _reclaim_reent
 .text          0x000000008000637c        0x0 /opt/bluespec/riscvtoolchain-medany-1.202210.0.1/toolchains/baremetal-medany/lib/gcc/riscv64-unknown-elf/12.2.0/../../../../riscv64-unknown-elf/lib/rv32im/ilp32/libc.a(lib_a-__atexit.o)
 .text.__register_exitproc
                0x000000008000637c       0x98 /opt/bluespec/riscvtoolchain-medany-1.202210.0.1/toolchains/baremetal-medany/lib/gcc/riscv64-unknown-elf/12.2.0/../../../../riscv64-unknown-elf/lib/rv32im/ilp32/libc.a(lib_a-__atexit.o)
                0x000000008000637c                __register_exitproc
 .text          0x0000000080006414        0x0 /opt/bluespec/riscvtoolchain-medany-1.202210.0.1/toolchains/baremetal-medany/lib/gcc/riscv64-unknown-elf/12.2.0/../../../../riscv64-unknown-elf/lib/rv32im/ilp32/libc.a(lib_a-fstatr.o)
 .text._fstat_r
                0x0000000080006414       0x58 /opt/bluespec/riscvtoolchain-medany-1.202210.0.1/toolchains/baremetal-medany/lib/gcc/riscv64-unknown-elf/12.2.0/../../../../riscv64-unknown-elf/lib/rv32im/ilp32/libc.a(lib_a-fstatr.o)
                0x0000000080006414                _fstat_r
 .text          0x000000008000646c        0x0 /opt/bluespec/riscvtoolchain-medany-1.202210.0.1/toolchains/baremetal-medany/lib/gcc/riscv64-unknown-elf/12.2.0/../../../../riscv64-unknown-elf/lib/rv32im/ilp32/libc.a(lib_a-isattyr.o)
 .text._isatty_r
                0x000000008000646c       0x50 /opt/bluespec/riscvtoolchain-medany-1.202210.0.1/toolchains/baremetal-medany/lib/gcc/riscv64-unknown-elf/12.2.0/../../../../riscv64-unknown-elf/lib/rv32im/ilp32/libc.a(lib_a-isattyr.o)
                0x000000008000646c                _isatty_r
 .text          0x00000000800064bc        0x0 /opt/bluespec/riscvtoolchain-medany-1.202210.0.1/toolchains/baremetal-medany/lib/gcc/riscv64-unknown-elf/12.2.0/../../../../riscv64-unknown-elf/lib/rv32im/ilp32/libnosys.a(_exit.o)
 .text._exit    0x00000000800064bc        0x4 /opt/bluespec/riscvtoolchain-medany-1.202210.0.1/toolchains/baremetal-medany/lib/gcc/riscv64-unknown-elf/12.2.0/../../../../riscv64-unknown-elf/lib/rv32im/ilp32/libnosys.a(_exit.o)
                0x00000000800064bc                _exit
 .text          0x00000000800064c0        0x0 /opt/bluespec/riscvtoolchain-medany-1.202210.0.1/toolchains/baremetal-medany/lib/gcc/riscv64-unknown-elf/12.2.0/rv32im/ilp32/crtend.o
 *(.gnu.warning)

.fini
 *(SORT_NONE(.fini))
                [!provide]                        PROVIDE (__etext = .)
                [!provide]                        PROVIDE (_etext = .)
                [!provide]                        PROVIDE (etext = .)

.rodata         0x00000000800064c0      0x112
 *(.rodata .rodata.* .gnu.linkonce.r.*)
 .rodata        0x00000000800064c0        0xd /tmp/ccSTUjCJ.o
 *fill*         0x00000000800064cd        0x3 
 .rodata        0x00000000800064d0      0x100 /opt/bluespec/riscvtoolchain-medany-1.202210.0.1/toolchains/baremetal-medany/lib/gcc/riscv64-unknown-elf/12.2.0/rv32im/ilp32/libgcc.a(_clz.o)
                0x00000000800064d0                __clz_tab
 .rodata._puts_r.str1.4
                0x00000000800065d0        0x2 /opt/bluespec/riscvtoolchain-medany-1.202210.0.1/toolchains/baremetal-medany/lib/gcc/riscv64-unknown-elf/12.2.0/../../../../riscv64-unknown-elf/lib/rv32im/ilp32/libc.a(lib_a-puts.o)

.rodata1
 *(.rodata1)

.sdata2
 *(.sdata2 .sdata2.* .gnu.linkonce.s2.*)

.sbss2
 *(.sbss2 .sbss2.* .gnu.linkonce.sb2.*)

.eh_frame_hdr
 *(.eh_frame_hdr)
 *(.eh_frame_entry .eh_frame_entry.*)

.eh_frame
 *(.eh_frame)
 *(.eh_frame.*)

.gcc_except_table
 *(.gcc_except_table .gcc_except_table.*)

.gnu_extab
 *(.gnu_extab*)

.exception_ranges
 *(.exception_ranges*)
                0x00000000800075d2                . = DATA_SEGMENT_ALIGN (CONSTANT (MAXPAGESIZE), CONSTANT (COMMONPAGESIZE))

.eh_frame       0x00000000800075d4       0x40
 *(.eh_frame)
 .eh_frame      0x00000000800075d4        0x0 /opt/bluespec/riscvtoolchain-medany-1.202210.0.1/toolchains/baremetal-medany/lib/gcc/riscv64-unknown-elf/12.2.0/rv32im/ilp32/crtbegin.o
 .eh_frame      0x00000000800075d4       0x28 /opt/bluespec/riscvtoolchain-medany-1.202210.0.1/toolchains/baremetal-medany/lib/gcc/riscv64-unknown-elf/12.2.0/rv32im/ilp32/libgcc.a(_divdi3.o)
 .eh_frame      0x00000000800075fc       0x14 /opt/bluespec/riscvtoolchain-medany-1.202210.0.1/toolchains/baremetal-medany/lib/gcc/riscv64-unknown-elf/12.2.0/rv32im/ilp32/libgcc.a(_moddi3.o)
                                         0x28 (size before relaxing)
 .eh_frame      0x0000000080007610        0x4 /opt/bluespec/riscvtoolchain-medany-1.202210.0.1/toolchains/baremetal-medany/lib/gcc/riscv64-unknown-elf/12.2.0/rv32im/ilp32/crtend.o
 *(.eh_frame.*)

.gnu_extab
 *(.gnu_extab)

.gcc_except_table
 *(.gcc_except_table .gcc_except_table.*)

.exception_ranges
 *(.exception_ranges*)

.tdata          0x0000000080007614        0x0
                [!provide]                        PROVIDE (__tdata_start = .)
 *(.tdata .tdata.* .gnu.linkonce.td.*)

.tbss
 *(.tbss .tbss.* .gnu.linkonce.tb.*)
 *(.tcommon)

.preinit_array  0x0000000080007614        0x0
                0x0000000080007614                PROVIDE (__preinit_array_start = .)
 *(.preinit_array)
                0x0000000080007614                PROVIDE (__preinit_array_end = .)

.init_array     0x0000000080007614        0xc
                0x0000000080007614                PROVIDE (__init_array_start = .)
 *(SORT_BY_INIT_PRIORITY(.init_array.*) SORT_BY_INIT_PRIORITY(.ctors.*))
 .init_array.00000
                0x0000000080007614        0x4 /opt/bluespec/riscvtoolchain-medany-1.202210.0.1/toolchains/baremetal-medany/lib/gcc/riscv64-unknown-elf/12.2.0/../../../../riscv64-unknown-elf/lib/rv32im/ilp32/libc.a(lib_a-__call_atexit.o)
 *(.init_array EXCLUDE_FILE(*crtend?.o *crtend.o *crtbegin?.o *crtbegin.o) .ctors)
 .init_array    0x0000000080007618        0x4 /opt/bluespec/riscvtoolchain-medany-1.202210.0.1/toolchains/baremetal-medany/lib/gcc/riscv64-unknown-elf/12.2.0/rv32im/ilp32/crtbegin.o
 .init_array    0x000000008000761c        0x4 /tmp/cc7TtZ89.o
                0x0000000080007620                PROVIDE (__init_array_end = .)

.fini_array     0x0000000080007620        0x4
                0x0000000080007620                PROVIDE (__fini_array_start = .)
 *(SORT_BY_INIT_PRIORITY(.fini_array.*) SORT_BY_INIT_PRIORITY(.dtors.*))
 *(.fini_array EXCLUDE_FILE(*crtend?.o *crtend.o *crtbegin?.o *crtbegin.o) .dtors)
 .fini_array    0x0000000080007620        0x4 /opt/bluespec/riscvtoolchain-medany-1.202210.0.1/toolchains/baremetal-medany/lib/gcc/riscv64-unknown-elf/12.2.0/rv32im/ilp32/crtbegin.o
                0x0000000080007624                PROVIDE (__fini_array_end = .)

.ctors
 *crtbegin.o(.ctors)
 *crtbegin?.o(.ctors)
 *(EXCLUDE_FILE(*crtend?.o *crtend.o) .ctors)
 *(SORT_BY_NAME(.ctors.*))
 *(.ctors)

.dtors
 *crtbegin.o(.dtors)
 *crtbegin?.o(.dtors)
 *(EXCLUDE_FILE(*crtend?.o *crtend.o) .dtors)
 *(SORT_BY_NAME(.dtors.*))
 *(.dtors)

.jcr
 *(.jcr)

.data.rel.ro
 *(.data.rel.ro.local* .gnu.linkonce.d.rel.ro.local.*)
 *(.data.rel.ro .data.rel.ro.* .gnu.linkonce.d.rel.ro.*)

.dynamic
 *(.dynamic)
                0x0000000080007624                . = DATA_SEGMENT_RELRO_END (., 0x0)

.data           0x0000000080007628      0x830
                0x0000000080007628                __DATA_BEGIN__ = .
 *(.data .data.* .gnu.linkonce.d.*)
 .data          0x0000000080007628        0x0 /opt/bluespec/riscvtoolchain-medany-1.202210.0.1/toolchains/baremetal-medany/lib/gcc/riscv64-unknown-elf/12.2.0/../../../../riscv64-unknown-elf/lib/rv32im/ilp32/crt0.o
 .data          0x0000000080007628        0x0 /opt/bluespec/riscvtoolchain-medany-1.202210.0.1/toolchains/baremetal-medany/lib/gcc/riscv64-unknown-elf/12.2.0/rv32im/ilp32/crtbegin.o
 .data          0x0000000080007628        0x0 startup.o
 .data          0x0000000080007628        0x0 /tmp/ccSTUjCJ.o
 .data          0x0000000080007628        0x0 /tmp/ccNIg1ty.o
 .data          0x0000000080007628        0x0 /tmp/cc7TtZ89.o
 .data          0x0000000080007628        0x0 /tmp/cchLGqE3.o
 .data          0x0000000080007628        0x0 /opt/bluespec/riscvtoolchain-medany-1.202210.0.1/toolchains/baremetal-medany/lib/gcc/riscv64-unknown-elf/12.2.0/rv32im/ilp32/libgcc.a(_divdi3.o)
 .data          0x0000000080007628        0x0 /opt/bluespec/riscvtoolchain-medany-1.202210.0.1/toolchains/baremetal-medany/lib/gcc/riscv64-unknown-elf/12.2.0/rv32im/ilp32/libgcc.a(_moddi3.o)
 .data          0x0000000080007628        0x0 /opt/bluespec/riscvtoolchain-medany-1.202210.0.1/toolchains/baremetal-medany/lib/gcc/riscv64-unknown-elf/12.2.0/rv32im/ilp32/libgcc.a(_clz.o)
 .data          0x0000000080007628        0x0 /opt/bluespec/riscvtoolchain-medany-1.202210.0.1/toolchains/baremetal-medany/lib/gcc/riscv64-unknown-elf/12.2.0/../../../../riscv64-unknown-elf/lib/rv32im/ilp32/libc.a(lib_a-errno.o)
 .data          0x0000000080007628        0x0 /opt/bluespec/riscvtoolchain-medany-1.202210.0.1/toolchains/baremetal-medany/lib/gcc/riscv64-unknown-elf/12.2.0/../../../../riscv64-unknown-elf/lib/rv32im/ilp32/libc.a(lib_a-exit.o)
 .data          0x0000000080007628        0x0 /opt/bluespec/riscvtoolchain-medany-1.202210.0.1/toolchains/baremetal-medany/lib/gcc/riscv64-unknown-elf/12.2.0/../../../../riscv64-unknown-elf/lib/rv32im/ilp32/libc.a(lib_a-impure.o)
 .data.impure_data
                0x0000000080007628      0x428 /opt/bluespec/riscvtoolchain-medany-1.202210.0.1/toolchains/baremetal-medany/lib/gcc/riscv64-unknown-elf/12.2.0/../../../../riscv64-unknown-elf/lib/rv32im/ilp32/libc.a(lib_a-impure.o)
 .data          0x0000000080007a50        0x0 /opt/bluespec/riscvtoolchain-medany-1.202210.0.1/toolchains/baremetal-medany/lib/gcc/riscv64-unknown-elf/12.2.0/../../../../riscv64-unknown-elf/lib/rv32im/ilp32/libc.a(lib_a-init.o)
 .data          0x0000000080007a50        0x0 /opt/bluespec/riscvtoolchain-medany-1.202210.0.1/toolchains/baremetal-medany/lib/gcc/riscv64-unknown-elf/12.2.0/../../../../riscv64-unknown-elf/lib/rv32im/ilp32/libc.a(lib_a-memset.o)
 .data          0x0000000080007a50        0x0 /opt/bluespec/riscvtoolchain-medany-1.202210.0.1/toolchains/baremetal-medany/lib/gcc/riscv64-unknown-elf/12.2.0/../../../../riscv64-unknown-elf/lib/rv32im/ilp32/libc.a(lib_a-puts.o)
 .data          0x0000000080007a50        0x0 /opt/bluespec/riscvtoolchain-medany-1.202210.0.1/toolchains/baremetal-medany/lib/gcc/riscv64-unknown-elf/12.2.0/../../../../riscv64-unknown-elf/lib/rv32im/ilp32/libc.a(lib_a-strlen.o)
 .data          0x0000000080007a50        0x0 /opt/bluespec/riscvtoolchain-medany-1.202210.0.1/toolchains/baremetal-medany/lib/gcc/riscv64-unknown-elf/12.2.0/../../../../riscv64-unknown-elf/lib/rv32im/ilp32/libc.a(lib_a-__call_atexit.o)
 .data          0x0000000080007a50        0x0 /opt/bluespec/riscvtoolchain-medany-1.202210.0.1/toolchains/baremetal-medany/lib/gcc/riscv64-unknown-elf/12.2.0/../../../../riscv64-unknown-elf/lib/rv32im/ilp32/libc.a(lib_a-findfp.o)
 .data          0x0000000080007a50        0x0 /opt/bluespec/riscvtoolchain-medany-1.202210.0.1/toolchains/baremetal-medany/lib/gcc/riscv64-unknown-elf/12.2.0/../../../../riscv64-unknown-elf/lib/rv32im/ilp32/libc.a(lib_a-fini.o)
 .data          0x0000000080007a50        0x0 /opt/bluespec/riscvtoolchain-medany-1.202210.0.1/toolchains/baremetal-medany/lib/gcc/riscv64-unknown-elf/12.2.0/../../../../riscv64-unknown-elf/lib/rv32im/ilp32/libc.a(lib_a-fvwrite.o)
 .data          0x0000000080007a50        0x0 /opt/bluespec/riscvtoolchain-medany-1.202210.0.1/toolchains/baremetal-medany/lib/gcc/riscv64-unknown-elf/12.2.0/../../../../riscv64-unknown-elf/lib/rv32im/ilp32/libc.a(lib_a-fwalk.o)
 .data          0x0000000080007a50        0x0 /opt/bluespec/riscvtoolchain-medany-1.202210.0.1/toolchains/baremetal-medany/lib/gcc/riscv64-unknown-elf/12.2.0/../../../../riscv64-unknown-elf/lib/rv32im/ilp32/libc.a(lib_a-mallocr.o)
 .data.__malloc_av_
                0x0000000080007a50      0x408 /opt/bluespec/riscvtoolchain-medany-1.202210.0.1/toolchains/baremetal-medany/lib/gcc/riscv64-unknown-elf/12.2.0/../../../../riscv64-unknown-elf/lib/rv32im/ilp32/libc.a(lib_a-mallocr.o)
                0x0000000080007a50                __malloc_av_
 .data          0x0000000080007e58        0x0 /opt/bluespec/riscvtoolchain-medany-1.202210.0.1/toolchains/baremetal-medany/lib/gcc/riscv64-unknown-elf/12.2.0/../../../../riscv64-unknown-elf/lib/rv32im/ilp32/libc.a(lib_a-memchr.o)
 .data          0x0000000080007e58        0x0 /opt/bluespec/riscvtoolchain-medany-1.202210.0.1/toolchains/baremetal-medany/lib/gcc/riscv64-unknown-elf/12.2.0/../../../../riscv64-unknown-elf/lib/rv32im/ilp32/libc.a(lib_a-memcpy.o)
 .data          0x0000000080007e58        0x0 /opt/bluespec/riscvtoolchain-medany-1.202210.0.1/toolchains/baremetal-medany/lib/gcc/riscv64-unknown-elf/12.2.0/../../../../riscv64-unknown-elf/lib/rv32im/ilp32/libc.a(lib_a-memmove-stub.o)
 .data          0x0000000080007e58        0x0 /opt/bluespec/riscvtoolchain-medany-1.202210.0.1/toolchains/baremetal-medany/lib/gcc/riscv64-unknown-elf/12.2.0/../../../../riscv64-unknown-elf/lib/rv32im/ilp32/libc.a(lib_a-mlock.o)
 .data          0x0000000080007e58        0x0 /opt/bluespec/riscvtoolchain-medany-1.202210.0.1/toolchains/baremetal-medany/lib/gcc/riscv64-unknown-elf/12.2.0/../../../../riscv64-unknown-elf/lib/rv32im/ilp32/libc.a(lib_a-reallocr.o)
 .data          0x0000000080007e58        0x0 /opt/bluespec/riscvtoolchain-medany-1.202210.0.1/toolchains/baremetal-medany/lib/gcc/riscv64-unknown-elf/12.2.0/../../../../riscv64-unknown-elf/lib/rv32im/ilp32/libc.a(lib_a-sbrkr.o)
 .data          0x0000000080007e58        0x0 /opt/bluespec/riscvtoolchain-medany-1.202210.0.1/toolchains/baremetal-medany/lib/gcc/riscv64-unknown-elf/12.2.0/../../../../riscv64-unknown-elf/lib/rv32im/ilp32/libc.a(lib_a-stdio.o)
 .data          0x0000000080007e58        0x0 /opt/bluespec/riscvtoolchain-medany-1.202210.0.1/toolchains/baremetal-medany/lib/gcc/riscv64-unknown-elf/12.2.0/../../../../riscv64-unknown-elf/lib/rv32im/ilp32/libc.a(lib_a-writer.o)
 .data          0x0000000080007e58        0x0 /opt/bluespec/riscvtoolchain-medany-1.202210.0.1/toolchains/baremetal-medany/lib/gcc/riscv64-unknown-elf/12.2.0/../../../../riscv64-unknown-elf/lib/rv32im/ilp32/libc.a(lib_a-wsetup.o)
 .data          0x0000000080007e58        0x0 /opt/bluespec/riscvtoolchain-medany-1.202210.0.1/toolchains/baremetal-medany/lib/gcc/riscv64-unknown-elf/12.2.0/../../../../riscv64-unknown-elf/lib/rv32im/ilp32/libc.a(lib_a-atexit.o)
 .data          0x0000000080007e58        0x0 /opt/bluespec/riscvtoolchain-medany-1.202210.0.1/toolchains/baremetal-medany/lib/gcc/riscv64-unknown-elf/12.2.0/../../../../riscv64-unknown-elf/lib/rv32im/ilp32/libc.a(lib_a-closer.o)
 .data          0x0000000080007e58        0x0 /opt/bluespec/riscvtoolchain-medany-1.202210.0.1/toolchains/baremetal-medany/lib/gcc/riscv64-unknown-elf/12.2.0/../../../../riscv64-unknown-elf/lib/rv32im/ilp32/libc.a(lib_a-fclose.o)
 .data          0x0000000080007e58        0x0 /opt/bluespec/riscvtoolchain-medany-1.202210.0.1/toolchains/baremetal-medany/lib/gcc/riscv64-unknown-elf/12.2.0/../../../../riscv64-unknown-elf/lib/rv32im/ilp32/libc.a(lib_a-fflush.o)
 .data          0x0000000080007e58        0x0 /opt/bluespec/riscvtoolchain-medany-1.202210.0.1/toolchains/baremetal-medany/lib/gcc/riscv64-unknown-elf/12.2.0/../../../../riscv64-unknown-elf/lib/rv32im/ilp32/libc.a(lib_a-freer.o)
 .data          0x0000000080007e58        0x0 /opt/bluespec/riscvtoolchain-medany-1.202210.0.1/toolchains/baremetal-medany/lib/gcc/riscv64-unknown-elf/12.2.0/../../../../riscv64-unknown-elf/lib/rv32im/ilp32/libc.a(lib_a-lseekr.o)
 .data          0x0000000080007e58        0x0 /opt/bluespec/riscvtoolchain-medany-1.202210.0.1/toolchains/baremetal-medany/lib/gcc/riscv64-unknown-elf/12.2.0/../../../../riscv64-unknown-elf/lib/rv32im/ilp32/libc.a(lib_a-makebuf.o)
 .data          0x0000000080007e58        0x0 /opt/bluespec/riscvtoolchain-medany-1.202210.0.1/toolchains/baremetal-medany/lib/gcc/riscv64-unknown-elf/12.2.0/../../../../riscv64-unknown-elf/lib/rv32im/ilp32/libc.a(lib_a-readr.o)
 .data          0x0000000080007e58        0x0 /opt/bluespec/riscvtoolchain-medany-1.202210.0.1/toolchains/baremetal-medany/lib/gcc/riscv64-unknown-elf/12.2.0/../../../../riscv64-unknown-elf/lib/rv32im/ilp32/libc.a(lib_a-reent.o)
 .data          0x0000000080007e58        0x0 /opt/bluespec/riscvtoolchain-medany-1.202210.0.1/toolchains/baremetal-medany/lib/gcc/riscv64-unknown-elf/12.2.0/../../../../riscv64-unknown-elf/lib/rv32im/ilp32/libc.a(lib_a-__atexit.o)
 .data          0x0000000080007e58        0x0 /opt/bluespec/riscvtoolchain-medany-1.202210.0.1/toolchains/baremetal-medany/lib/gcc/riscv64-unknown-elf/12.2.0/../../../../riscv64-unknown-elf/lib/rv32im/ilp32/libc.a(lib_a-fstatr.o)
 .data          0x0000000080007e58        0x0 /opt/bluespec/riscvtoolchain-medany-1.202210.0.1/toolchains/baremetal-medany/lib/gcc/riscv64-unknown-elf/12.2.0/../../../../riscv64-unknown-elf/lib/rv32im/ilp32/libc.a(lib_a-isattyr.o)
 .data          0x0000000080007e58        0x0 /opt/bluespec/riscvtoolchain-medany-1.202210.0.1/toolchains/baremetal-medany/lib/gcc/riscv64-unknown-elf/12.2.0/../../../../riscv64-unknown-elf/lib/rv32im/ilp32/libnosys.a(_exit.o)
 .data          0x0000000080007e58        0x0 /opt/bluespec/riscvtoolchain-medany-1.202210.0.1/toolchains/baremetal-medany/lib/gcc/riscv64-unknown-elf/12.2.0/rv32im/ilp32/crtend.o

.data1
 *(.data1)

.got
 *(.got.plt)
 *(.igot.plt)
 *(.got)
 *(.igot)

.sdata          0x0000000080007e58       0x18
                0x0000000080007e58                __SDATA_BEGIN__ = .
 *(.srodata.cst16)
 *(.srodata.cst8)
 *(.srodata.cst4)
 *(.srodata.cst2)
 *(.srodata .srodata.*)
 .srodata._global_impure_ptr
                0x0000000080007e58        0x4 /opt/bluespec/riscvtoolchain-medany-1.202210.0.1/toolchains/baremetal-medany/lib/gcc/riscv64-unknown-elf/12.2.0/../../../../riscv64-unknown-elf/lib/rv32im/ilp32/libc.a(lib_a-impure.o)
                0x0000000080007e58                _global_impure_ptr
 *(.sdata .sdata.* .gnu.linkonce.s.*)
 .sdata         0x0000000080007e5c        0x4 /opt/bluespec/riscvtoolchain-medany-1.202210.0.1/toolchains/baremetal-medany/lib/gcc/riscv64-unknown-elf/12.2.0/rv32im/ilp32/crtbegin.o
                0x0000000080007e5c                __dso_handle
 .sdata         0x0000000080007e60        0x4 /tmp/cc7TtZ89.o
 .sdata._impure_ptr
                0x0000000080007e64        0x4 /opt/bluespec/riscvtoolchain-medany-1.202210.0.1/toolchains/baremetal-medany/lib/gcc/riscv64-unknown-elf/12.2.0/../../../../riscv64-unknown-elf/lib/rv32im/ilp32/libc.a(lib_a-impure.o)
                0x0000000080007e64                _impure_ptr
 .sdata.__malloc_sbrk_base
                0x0000000080007e68        0x4 /opt/bluespec/riscvtoolchain-medany-1.202210.0.1/toolchains/baremetal-medany/lib/gcc/riscv64-unknown-elf/12.2.0/../../../../riscv64-unknown-elf/lib/rv32im/ilp32/libc.a(lib_a-mallocr.o)
                0x0000000080007e68                __malloc_sbrk_base
 .sdata.__malloc_trim_threshold
                0x0000000080007e6c        0x4 /opt/bluespec/riscvtoolchain-medany-1.202210.0.1/toolchains/baremetal-medany/lib/gcc/riscv64-unknown-elf/12.2.0/../../../../riscv64-unknown-elf/lib/rv32im/ilp32/libc.a(lib_a-mallocr.o)
                0x0000000080007e6c                __malloc_trim_threshold
                0x0000000080007e70                _edata = .
                [!provide]                        PROVIDE (edata = .)
                0x0000000080007e70                . = .
                0x0000000080007e70                __bss_start = .

.sbss           0x0000000080007e70       0x10
 *(.dynsbss)
 *(.sbss .sbss.* .gnu.linkonce.sb.*)
 .sbss.__malloc_max_total_mem
                0x0000000080007e70        0x4 /opt/bluespec/riscvtoolchain-medany-1.202210.0.1/toolchains/baremetal-medany/lib/gcc/riscv64-unknown-elf/12.2.0/../../../../riscv64-unknown-elf/lib/rv32im/ilp32/libc.a(lib_a-mallocr.o)
                0x0000000080007e70                __malloc_max_total_mem
 .sbss.__malloc_max_sbrked_mem
                0x0000000080007e74        0x4 /opt/bluespec/riscvtoolchain-medany-1.202210.0.1/toolchains/baremetal-medany/lib/gcc/riscv64-unknown-elf/12.2.0/../../../../riscv64-unknown-elf/lib/rv32im/ilp32/libc.a(lib_a-mallocr.o)
                0x0000000080007e74                __malloc_max_sbrked_mem
 .sbss.__malloc_top_pad
                0x0000000080007e78        0x4 /opt/bluespec/riscvtoolchain-medany-1.202210.0.1/toolchains/baremetal-medany/lib/gcc/riscv64-unknown-elf/12.2.0/../../../../riscv64-unknown-elf/lib/rv32im/ilp32/libc.a(lib_a-mallocr.o)
                0x0000000080007e78                __malloc_top_pad
 .sbss.errno    0x0000000080007e7c        0x4 /opt/bluespec/riscvtoolchain-medany-1.202210.0.1/toolchains/baremetal-medany/lib/gcc/riscv64-unknown-elf/12.2.0/../../../../riscv64-unknown-elf/lib/rv32im/ilp32/libc.a(lib_a-reent.o)
                0x0000000080007e7c                errno
 *(.scommon)

.bss            0x0000000080007e80       0x44
 *(.dynbss)
 *(.bss .bss.* .gnu.linkonce.b.*)
 .bss           0x0000000080007e80        0x0 /opt/bluespec/riscvtoolchain-medany-1.202210.0.1/toolchains/baremetal-medany/lib/gcc/riscv64-unknown-elf/12.2.0/../../../../riscv64-unknown-elf/lib/rv32im/ilp32/crt0.o
 .bss           0x0000000080007e80       0x1c /opt/bluespec/riscvtoolchain-medany-1.202210.0.1/toolchains/baremetal-medany/lib/gcc/riscv64-unknown-elf/12.2.0/rv32im/ilp32/crtbegin.o
 .bss           0x0000000080007e9c        0x0 startup.o
 .bss           0x0000000080007e9c        0x0 /tmp/ccSTUjCJ.o
 .bss           0x0000000080007e9c        0x0 /tmp/ccNIg1ty.o
 .bss           0x0000000080007e9c        0x0 /tmp/cc7TtZ89.o
 .bss           0x0000000080007e9c        0x0 /tmp/cchLGqE3.o
 .bss           0x0000000080007e9c        0x0 /opt/bluespec/riscvtoolchain-medany-1.202210.0.1/toolchains/baremetal-medany/lib/gcc/riscv64-unknown-elf/12.2.0/rv32im/ilp32/libgcc.a(_divdi3.o)
 .bss           0x0000000080007e9c        0x0 /opt/bluespec/riscvtoolchain-medany-1.202210.0.1/toolchains/baremetal-medany/lib/gcc/riscv64-unknown-elf/12.2.0/rv32im/ilp32/libgcc.a(_moddi3.o)
 .bss           0x0000000080007e9c        0x0 /opt/bluespec/riscvtoolchain-medany-1.202210.0.1/toolchains/baremetal-medany/lib/gcc/riscv64-unknown-elf/12.2.0/rv32im/ilp32/libgcc.a(_clz.o)
 .bss           0x0000000080007e9c        0x0 /opt/bluespec/riscvtoolchain-medany-1.202210.0.1/toolchains/baremetal-medany/lib/gcc/riscv64-unknown-elf/12.2.0/../../../../riscv64-unknown-elf/lib/rv32im/ilp32/libc.a(lib_a-errno.o)
 .bss           0x0000000080007e9c        0x0 /opt/bluespec/riscvtoolchain-medany-1.202210.0.1/toolchains/baremetal-medany/lib/gcc/riscv64-unknown-elf/12.2.0/../../../../riscv64-unknown-elf/lib/rv32im/ilp32/libc.a(lib_a-exit.o)
 .bss           0x0000000080007e9c        0x0 /opt/bluespec/riscvtoolchain-medany-1.202210.0.1/toolchains/baremetal-medany/lib/gcc/riscv64-unknown-elf/12.2.0/../../../../riscv64-unknown-elf/lib/rv32im/ilp32/libc.a(lib_a-impure.o)
 .bss           0x0000000080007e9c        0x0 /opt/bluespec/riscvtoolchain-medany-1.202210.0.1/toolchains/baremetal-medany/lib/gcc/riscv64-unknown-elf/12.2.0/../../../../riscv64-unknown-elf/lib/rv32im/ilp32/libc.a(lib_a-init.o)
 .bss           0x0000000080007e9c        0x0 /opt/bluespec/riscvtoolchain-medany-1.202210.0.1/toolchains/baremetal-medany/lib/gcc/riscv64-unknown-elf/12.2.0/../../../../riscv64-unknown-elf/lib/rv32im/ilp32/libc.a(lib_a-memset.o)
 .bss           0x0000000080007e9c        0x0 /opt/bluespec/riscvtoolchain-medany-1.202210.0.1/toolchains/baremetal-medany/lib/gcc/riscv64-unknown-elf/12.2.0/../../../../riscv64-unknown-elf/lib/rv32im/ilp32/libc.a(lib_a-puts.o)
 .bss           0x0000000080007e9c        0x0 /opt/bluespec/riscvtoolchain-medany-1.202210.0.1/toolchains/baremetal-medany/lib/gcc/riscv64-unknown-elf/12.2.0/../../../../riscv64-unknown-elf/lib/rv32im/ilp32/libc.a(lib_a-strlen.o)
 .bss           0x0000000080007e9c        0x0 /opt/bluespec/riscvtoolchain-medany-1.202210.0.1/toolchains/baremetal-medany/lib/gcc/riscv64-unknown-elf/12.2.0/../../../../riscv64-unknown-elf/lib/rv32im/ilp32/libc.a(lib_a-__call_atexit.o)
 .bss           0x0000000080007e9c        0x0 /opt/bluespec/riscvtoolchain-medany-1.202210.0.1/toolchains/baremetal-medany/lib/gcc/riscv64-unknown-elf/12.2.0/../../../../riscv64-unknown-elf/lib/rv32im/ilp32/libc.a(lib_a-findfp.o)
 .bss           0x0000000080007e9c        0x0 /opt/bluespec/riscvtoolchain-medany-1.202210.0.1/toolchains/baremetal-medany/lib/gcc/riscv64-unknown-elf/12.2.0/../../../../riscv64-unknown-elf/lib/rv32im/ilp32/libc.a(lib_a-fini.o)
 .bss           0x0000000080007e9c        0x0 /opt/bluespec/riscvtoolchain-medany-1.202210.0.1/toolchains/baremetal-medany/lib/gcc/riscv64-unknown-elf/12.2.0/../../../../riscv64-unknown-elf/lib/rv32im/ilp32/libc.a(lib_a-fvwrite.o)
 .bss           0x0000000080007e9c        0x0 /opt/bluespec/riscvtoolchain-medany-1.202210.0.1/toolchains/baremetal-medany/lib/gcc/riscv64-unknown-elf/12.2.0/../../../../riscv64-unknown-elf/lib/rv32im/ilp32/libc.a(lib_a-fwalk.o)
 .bss           0x0000000080007e9c        0x0 /opt/bluespec/riscvtoolchain-medany-1.202210.0.1/toolchains/baremetal-medany/lib/gcc/riscv64-unknown-elf/12.2.0/../../../../riscv64-unknown-elf/lib/rv32im/ilp32/libc.a(lib_a-mallocr.o)
 .bss.__malloc_current_mallinfo
                0x0000000080007e9c       0x28 /opt/bluespec/riscvtoolchain-medany-1.202210.0.1/toolchains/baremetal-medany/lib/gcc/riscv64-unknown-elf/12.2.0/../../../../riscv64-unknown-elf/lib/rv32im/ilp32/libc.a(lib_a-mallocr.o)
                0x0000000080007e9c                __malloc_current_mallinfo
 .bss           0x0000000080007ec4        0x0 /opt/bluespec/riscvtoolchain-medany-1.202210.0.1/toolchains/baremetal-medany/lib/gcc/riscv64-unknown-elf/12.2.0/../../../../riscv64-unknown-elf/lib/rv32im/ilp32/libc.a(lib_a-memchr.o)
 .bss           0x0000000080007ec4        0x0 /opt/bluespec/riscvtoolchain-medany-1.202210.0.1/toolchains/baremetal-medany/lib/gcc/riscv64-unknown-elf/12.2.0/../../../../riscv64-unknown-elf/lib/rv32im/ilp32/libc.a(lib_a-memcpy.o)
 .bss           0x0000000080007ec4        0x0 /opt/bluespec/riscvtoolchain-medany-1.202210.0.1/toolchains/baremetal-medany/lib/gcc/riscv64-unknown-elf/12.2.0/../../../../riscv64-unknown-elf/lib/rv32im/ilp32/libc.a(lib_a-memmove-stub.o)
 .bss           0x0000000080007ec4        0x0 /opt/bluespec/riscvtoolchain-medany-1.202210.0.1/toolchains/baremetal-medany/lib/gcc/riscv64-unknown-elf/12.2.0/../../../../riscv64-unknown-elf/lib/rv32im/ilp32/libc.a(lib_a-mlock.o)
 .bss           0x0000000080007ec4        0x0 /opt/bluespec/riscvtoolchain-medany-1.202210.0.1/toolchains/baremetal-medany/lib/gcc/riscv64-unknown-elf/12.2.0/../../../../riscv64-unknown-elf/lib/rv32im/ilp32/libc.a(lib_a-reallocr.o)
 .bss           0x0000000080007ec4        0x0 /opt/bluespec/riscvtoolchain-medany-1.202210.0.1/toolchains/baremetal-medany/lib/gcc/riscv64-unknown-elf/12.2.0/../../../../riscv64-unknown-elf/lib/rv32im/ilp32/libc.a(lib_a-sbrkr.o)
 .bss           0x0000000080007ec4        0x0 /opt/bluespec/riscvtoolchain-medany-1.202210.0.1/toolchains/baremetal-medany/lib/gcc/riscv64-unknown-elf/12.2.0/../../../../riscv64-unknown-elf/lib/rv32im/ilp32/libc.a(lib_a-stdio.o)
 .bss           0x0000000080007ec4        0x0 /opt/bluespec/riscvtoolchain-medany-1.202210.0.1/toolchains/baremetal-medany/lib/gcc/riscv64-unknown-elf/12.2.0/../../../../riscv64-unknown-elf/lib/rv32im/ilp32/libc.a(lib_a-writer.o)
 .bss           0x0000000080007ec4        0x0 /opt/bluespec/riscvtoolchain-medany-1.202210.0.1/toolchains/baremetal-medany/lib/gcc/riscv64-unknown-elf/12.2.0/../../../../riscv64-unknown-elf/lib/rv32im/ilp32/libc.a(lib_a-wsetup.o)
 .bss           0x0000000080007ec4        0x0 /opt/bluespec/riscvtoolchain-medany-1.202210.0.1/toolchains/baremetal-medany/lib/gcc/riscv64-unknown-elf/12.2.0/../../../../riscv64-unknown-elf/lib/rv32im/ilp32/libc.a(lib_a-atexit.o)
 .bss           0x0000000080007ec4        0x0 /opt/bluespec/riscvtoolchain-medany-1.202210.0.1/toolchains/baremetal-medany/lib/gcc/riscv64-unknown-elf/12.2.0/../../../../riscv64-unknown-elf/lib/rv32im/ilp32/libc.a(lib_a-closer.o)
 .bss           0x0000000080007ec4        0x0 /opt/bluespec/riscvtoolchain-medany-1.202210.0.1/toolchains/baremetal-medany/lib/gcc/riscv64-unknown-elf/12.2.0/../../../../riscv64-unknown-elf/lib/rv32im/ilp32/libc.a(lib_a-fclose.o)
 .bss           0x0000000080007ec4        0x0 /opt/bluespec/riscvtoolchain-medany-1.202210.0.1/toolchains/baremetal-medany/lib/gcc/riscv64-unknown-elf/12.2.0/../../../../riscv64-unknown-elf/lib/rv32im/ilp32/libc.a(lib_a-fflush.o)
 .bss           0x0000000080007ec4        0x0 /opt/bluespec/riscvtoolchain-medany-1.202210.0.1/toolchains/baremetal-medany/lib/gcc/riscv64-unknown-elf/12.2.0/../../../../riscv64-unknown-elf/lib/rv32im/ilp32/libc.a(lib_a-freer.o)
 .bss           0x0000000080007ec4        0x0 /opt/bluespec/riscvtoolchain-medany-1.202210.0.1/toolchains/baremetal-medany/lib/gcc/riscv64-unknown-elf/12.2.0/../../../../riscv64-unknown-elf/lib/rv32im/ilp32/libc.a(lib_a-lseekr.o)
 .bss           0x0000000080007ec4        0x0 /opt/bluespec/riscvtoolchain-medany-1.202210.0.1/toolchains/baremetal-medany/lib/gcc/riscv64-unknown-elf/12.2.0/../../../../riscv64-unknown-elf/lib/rv32im/ilp32/libc.a(lib_a-makebuf.o)
 .bss           0x0000000080007ec4        0x0 /opt/bluespec/riscvtoolchain-medany-1.202210.0.1/toolchains/baremetal-medany/lib/gcc/riscv64-unknown-elf/12.2.0/../../../../riscv64-unknown-elf/lib/rv32im/ilp32/libc.a(lib_a-readr.o)
 .bss           0x0000000080007ec4        0x0 /opt/bluespec/riscvtoolchain-medany-1.202210.0.1/toolchains/baremetal-medany/lib/gcc/riscv64-unknown-elf/12.2.0/../../../../riscv64-unknown-elf/lib/rv32im/ilp32/libc.a(lib_a-reent.o)
 .bss           0x0000000080007ec4        0x0 /opt/bluespec/riscvtoolchain-medany-1.202210.0.1/toolchains/baremetal-medany/lib/gcc/riscv64-unknown-elf/12.2.0/../../../../riscv64-unknown-elf/lib/rv32im/ilp32/libc.a(lib_a-__atexit.o)
 .bss           0x0000000080007ec4        0x0 /opt/bluespec/riscvtoolchain-medany-1.202210.0.1/toolchains/baremetal-medany/lib/gcc/riscv64-unknown-elf/12.2.0/../../../../riscv64-unknown-elf/lib/rv32im/ilp32/libc.a(lib_a-fstatr.o)
 .bss           0x0000000080007ec4        0x0 /opt/bluespec/riscvtoolchain-medany-1.202210.0.1/toolchains/baremetal-medany/lib/gcc/riscv64-unknown-elf/12.2.0/../../../../riscv64-unknown-elf/lib/rv32im/ilp32/libc.a(lib_a-isattyr.o)
 .bss           0x0000000080007ec4        0x0 /opt/bluespec/riscvtoolchain-medany-1.202210.0.1/toolchains/baremetal-medany/lib/gcc/riscv64-unknown-elf/12.2.0/../../../../riscv64-unknown-elf/lib/rv32im/ilp32/libnosys.a(_exit.o)
 .bss           0x0000000080007ec4        0x0 /opt/bluespec/riscvtoolchain-medany-1.202210.0.1/toolchains/baremetal-medany/lib/gcc/riscv64-unknown-elf/12.2.0/rv32im/ilp32/crtend.o
 *(COMMON)
                0x0000000080007ec4                . = ALIGN ((. != 0x0)?0x4:0x1)
LOAD /opt/bluespec/riscvtoolchain-medany-1.202210.0.1/toolchains/baremetal-medany/lib/gcc/riscv64-unknown-elf/12.2.0/../../../../riscv64-unknown-elf/lib/rv32im/ilp32/crt0.o
LOAD /opt/bluespec/riscvtoolchain-medany-1.202210.0.1/toolchains/baremetal-medany/lib/gcc/riscv64-unknown-elf/12.2.0/rv32im/ilp32/crtbegin.o
                0x0000000080007ec4                __startup_save = .
                0x0000000080000000                . = 0x80000000

.text.init      0x0000000080000000       0x44
 startup.o(.text.init)
 .text.init     0x0000000080000000       0x44 startup.o
                0x0000000080000000                _reset
                0x0000000080001000                . = ALIGN (0x1000)

.tohost         0x0000000080001000        0x8
 *(.tohost)
 .tohost        0x0000000080001000        0x8 startup.o
                0x0000000080001000                tohost
                0x0000000080002000                . = ALIGN (0x1000)
                0x0000000080007ec4                . = __startup_save
                0x0000000080007ec4                . = ALIGN (0x4)
                0x0000000080007ec4                . = SEGMENT_START ("ldata-segment", .)
                0x0000000080007ec4                . = ALIGN (0x4)
                0x0000000080007ec4                __BSS_END__ = .
                0x0000000080007e28                __global_pointer$ = MIN ((__SDATA_BEGIN__ + 0x800), MAX ((__DATA_BEGIN__ + 0x800), (__BSS_END__ - 0x800)))
                0x0000000080007ec4                _end = .
                [!provide]                        PROVIDE (end = .)
                0x0000000080007ec4                . = DATA_SEGMENT_END (.)

.stab
 *(.stab)

.stabstr
 *(.stabstr)

.stab.excl
 *(.stab.excl)

.stab.exclstr
 *(.stab.exclstr)

.stab.index
 *(.stab.index)

.stab.indexstr
 *(.stab.indexstr)

.comment        0x0000000000000000       0x2d
 *(.comment)
 .comment       0x0000000000000000       0x1b /opt/bluespec/riscvtoolchain-medany-1.202210.0.1/toolchains/baremetal-medany/lib/gcc/riscv64-unknown-elf/12.2.0/rv32im/ilp32/crtbegin.o
                                         0x1c (size before relaxing)
 .comment       0x000000000000001b       0x1c /tmp/ccSTUjCJ.o
 .comment       0x000000000000001b       0x1c /tmp/ccNIg1ty.o
 .comment       0x000000000000001b       0x1c /tmp/cc7TtZ89.o
 .comment       0x000000000000001b       0x1c /tmp/cchLGqE3.o
 .comment       0x000000000000001b       0x1c /opt/bluespec/riscvtoolchain-medany-1.202210.0.1/toolchains/baremetal-medany/lib/gcc/riscv64-unknown-elf/12.2.0/rv32im/ilp32/libgcc.a(_divdi3.o)
 .comment       0x000000000000001b       0x1c /opt/bluespec/riscvtoolchain-medany-1.202210.0.1/toolchains/baremetal-medany/lib/gcc/riscv64-unknown-elf/12.2.0/rv32im/ilp32/libgcc.a(_moddi3.o)
 .comment       0x000000000000001b       0x1c /opt/bluespec/riscvtoolchain-medany-1.202210.0.1/toolchains/baremetal-medany/lib/gcc/riscv64-unknown-elf/12.2.0/rv32im/ilp32/libgcc.a(_clz.o)
 .comment       0x000000000000001b       0x12 /opt/bluespec/riscvtoolchain-medany-1.202210.0.1/toolchains/baremetal-medany/lib/gcc/riscv64-unknown-elf/12.2.0/../../../../riscv64-unknown-elf/lib/rv32im/ilp32/libc.a(lib_a-errno.o)
                                         0x13 (size before relaxing)
 .comment       0x000000000000002d       0x13 /opt/bluespec/riscvtoolchain-medany-1.202210.0.1/toolchains/baremetal-medany/lib/gcc/riscv64-unknown-elf/12.2.0/../../../../riscv64-unknown-elf/lib/rv32im/ilp32/libc.a(lib_a-exit.o)
 .comment       0x000000000000002d       0x13 /opt/bluespec/riscvtoolchain-medany-1.202210.0.1/toolchains/baremetal-medany/lib/gcc/riscv64-unknown-elf/12.2.0/../../../../riscv64-unknown-elf/lib/rv32im/ilp32/libc.a(lib_a-impure.o)
 .comment       0x000000000000002d       0x13 /opt/bluespec/riscvtoolchain-medany-1.202210.0.1/toolchains/baremetal-medany/lib/gcc/riscv64-unknown-elf/12.2.0/../../../../riscv64-unknown-elf/lib/rv32im/ilp32/libc.a(lib_a-init.o)
 .comment       0x000000000000002d       0x13 /opt/bluespec/riscvtoolchain-medany-1.202210.0.1/toolchains/baremetal-medany/lib/gcc/riscv64-unknown-elf/12.2.0/../../../../riscv64-unknown-elf/lib/rv32im/ilp32/libc.a(lib_a-puts.o)
 .comment       0x000000000000002d       0x13 /opt/bluespec/riscvtoolchain-medany-1.202210.0.1/toolchains/baremetal-medany/lib/gcc/riscv64-unknown-elf/12.2.0/../../../../riscv64-unknown-elf/lib/rv32im/ilp32/libc.a(lib_a-strlen.o)
 .comment       0x000000000000002d       0x13 /opt/bluespec/riscvtoolchain-medany-1.202210.0.1/toolchains/baremetal-medany/lib/gcc/riscv64-unknown-elf/12.2.0/../../../../riscv64-unknown-elf/lib/rv32im/ilp32/libc.a(lib_a-__call_atexit.o)
 .comment       0x000000000000002d       0x13 /opt/bluespec/riscvtoolchain-medany-1.202210.0.1/toolchains/baremetal-medany/lib/gcc/riscv64-unknown-elf/12.2.0/../../../../riscv64-unknown-elf/lib/rv32im/ilp32/libc.a(lib_a-findfp.o)
 .comment       0x000000000000002d       0x13 /opt/bluespec/riscvtoolchain-medany-1.202210.0.1/toolchains/baremetal-medany/lib/gcc/riscv64-unknown-elf/12.2.0/../../../../riscv64-unknown-elf/lib/rv32im/ilp32/libc.a(lib_a-fini.o)
 .comment       0x000000000000002d       0x13 /opt/bluespec/riscvtoolchain-medany-1.202210.0.1/toolchains/baremetal-medany/lib/gcc/riscv64-unknown-elf/12.2.0/../../../../riscv64-unknown-elf/lib/rv32im/ilp32/libc.a(lib_a-fvwrite.o)
 .comment       0x000000000000002d       0x13 /opt/bluespec/riscvtoolchain-medany-1.202210.0.1/toolchains/baremetal-medany/lib/gcc/riscv64-unknown-elf/12.2.0/../../../../riscv64-unknown-elf/lib/rv32im/ilp32/libc.a(lib_a-fwalk.o)
 .comment       0x000000000000002d       0x13 /opt/bluespec/riscvtoolchain-medany-1.202210.0.1/toolchains/baremetal-medany/lib/gcc/riscv64-unknown-elf/12.2.0/../../../../riscv64-unknown-elf/lib/rv32im/ilp32/libc.a(lib_a-mallocr.o)
 .comment       0x000000000000002d       0x13 /opt/bluespec/riscvtoolchain-medany-1.202210.0.1/toolchains/baremetal-medany/lib/gcc/riscv64-unknown-elf/12.2.0/../../../../riscv64-unknown-elf/lib/rv32im/ilp32/libc.a(lib_a-memchr.o)
 .comment       0x000000000000002d       0x13 /opt/bluespec/riscvtoolchain-medany-1.202210.0.1/toolchains/baremetal-medany/lib/gcc/riscv64-unknown-elf/12.2.0/../../../../riscv64-unknown-elf/lib/rv32im/ilp32/libc.a(lib_a-memcpy.o)
 .comment       0x000000000000002d       0x13 /opt/bluespec/riscvtoolchain-medany-1.202210.0.1/toolchains/baremetal-medany/lib/gcc/riscv64-unknown-elf/12.2.0/../../../../riscv64-unknown-elf/lib/rv32im/ilp32/libc.a(lib_a-memmove-stub.o)
 .comment       0x000000000000002d       0x13 /opt/bluespec/riscvtoolchain-medany-1.202210.0.1/toolchains/baremetal-medany/lib/gcc/riscv64-unknown-elf/12.2.0/../../../../riscv64-unknown-elf/lib/rv32im/ilp32/libc.a(lib_a-mlock.o)
 .comment       0x000000000000002d       0x13 /opt/bluespec/riscvtoolchain-medany-1.202210.0.1/toolchains/baremetal-medany/lib/gcc/riscv64-unknown-elf/12.2.0/../../../../riscv64-unknown-elf/lib/rv32im/ilp32/libc.a(lib_a-reallocr.o)
 .comment       0x000000000000002d       0x13 /opt/bluespec/riscvtoolchain-medany-1.202210.0.1/toolchains/baremetal-medany/lib/gcc/riscv64-unknown-elf/12.2.0/../../../../riscv64-unknown-elf/lib/rv32im/ilp32/libc.a(lib_a-sbrkr.o)
 .comment       0x000000000000002d       0x13 /opt/bluespec/riscvtoolchain-medany-1.202210.0.1/toolchains/baremetal-medany/lib/gcc/riscv64-unknown-elf/12.2.0/../../../../riscv64-unknown-elf/lib/rv32im/ilp32/libc.a(lib_a-stdio.o)
 .comment       0x000000000000002d       0x13 /opt/bluespec/riscvtoolchain-medany-1.202210.0.1/toolchains/baremetal-medany/lib/gcc/riscv64-unknown-elf/12.2.0/../../../../riscv64-unknown-elf/lib/rv32im/ilp32/libc.a(lib_a-writer.o)
 .comment       0x000000000000002d       0x13 /opt/bluespec/riscvtoolchain-medany-1.202210.0.1/toolchains/baremetal-medany/lib/gcc/riscv64-unknown-elf/12.2.0/../../../../riscv64-unknown-elf/lib/rv32im/ilp32/libc.a(lib_a-wsetup.o)
 .comment       0x000000000000002d       0x13 /opt/bluespec/riscvtoolchain-medany-1.202210.0.1/toolchains/baremetal-medany/lib/gcc/riscv64-unknown-elf/12.2.0/../../../../riscv64-unknown-elf/lib/rv32im/ilp32/libc.a(lib_a-atexit.o)
 .comment       0x000000000000002d       0x13 /opt/bluespec/riscvtoolchain-medany-1.202210.0.1/toolchains/baremetal-medany/lib/gcc/riscv64-unknown-elf/12.2.0/../../../../riscv64-unknown-elf/lib/rv32im/ilp32/libc.a(lib_a-closer.o)
 .comment       0x000000000000002d       0x13 /opt/bluespec/riscvtoolchain-medany-1.202210.0.1/toolchains/baremetal-medany/lib/gcc/riscv64-unknown-elf/12.2.0/../../../../riscv64-unknown-elf/lib/rv32im/ilp32/libc.a(lib_a-fclose.o)
 .comment       0x000000000000002d       0x13 /opt/bluespec/riscvtoolchain-medany-1.202210.0.1/toolchains/baremetal-medany/lib/gcc/riscv64-unknown-elf/12.2.0/../../../../riscv64-unknown-elf/lib/rv32im/ilp32/libc.a(lib_a-fflush.o)
 .comment       0x000000000000002d       0x13 /opt/bluespec/riscvtoolchain-medany-1.202210.0.1/toolchains/baremetal-medany/lib/gcc/riscv64-unknown-elf/12.2.0/../../../../riscv64-unknown-elf/lib/rv32im/ilp32/libc.a(lib_a-freer.o)
 .comment       0x000000000000002d       0x13 /opt/bluespec/riscvtoolchain-medany-1.202210.0.1/toolchains/baremetal-medany/lib/gcc/riscv64-unknown-elf/12.2.0/../../../../riscv64-unknown-elf/lib/rv32im/ilp32/libc.a(lib_a-lseekr.o)
 .comment       0x000000000000002d       0x13 /opt/bluespec/riscvtoolchain-medany-1.202210.0.1/toolchains/baremetal-medany/lib/gcc/riscv64-unknown-elf/12.2.0/../../../../riscv64-unknown-elf/lib/rv32im/ilp32/libc.a(lib_a-makebuf.o)
 .comment       0x000000000000002d       0x13 /opt/bluespec/riscvtoolchain-medany-1.202210.0.1/toolchains/baremetal-medany/lib/gcc/riscv64-unknown-elf/12.2.0/../../../../riscv64-unknown-elf/lib/rv32im/ilp32/libc.a(lib_a-readr.o)
 .comment       0x000000000000002d       0x13 /opt/bluespec/riscvtoolchain-medany-1.202210.0.1/toolchains/baremetal-medany/lib/gcc/riscv64-unknown-elf/12.2.0/../../../../riscv64-unknown-elf/lib/rv32im/ilp32/libc.a(lib_a-reent.o)
 .comment       0x000000000000002d       0x13 /opt/bluespec/riscvtoolchain-medany-1.202210.0.1/toolchains/baremetal-medany/lib/gcc/riscv64-unknown-elf/12.2.0/../../../../riscv64-unknown-elf/lib/rv32im/ilp32/libc.a(lib_a-__atexit.o)
 .comment       0x000000000000002d       0x13 /opt/bluespec/riscvtoolchain-medany-1.202210.0.1/toolchains/baremetal-medany/lib/gcc/riscv64-unknown-elf/12.2.0/../../../../riscv64-unknown-elf/lib/rv32im/ilp32/libc.a(lib_a-fstatr.o)
 .comment       0x000000000000002d       0x13 /opt/bluespec/riscvtoolchain-medany-1.202210.0.1/toolchains/baremetal-medany/lib/gcc/riscv64-unknown-elf/12.2.0/../../../../riscv64-unknown-elf/lib/rv32im/ilp32/libc.a(lib_a-isattyr.o)
 .comment       0x000000000000002d       0x13 /opt/bluespec/riscvtoolchain-medany-1.202210.0.1/toolchains/baremetal-medany/lib/gcc/riscv64-unknown-elf/12.2.0/../../../../riscv64-unknown-elf/lib/rv32im/ilp32/libnosys.a(_exit.o)
 .comment       0x000000000000002d       0x1c /opt/bluespec/riscvtoolchain-medany-1.202210.0.1/toolchains/baremetal-medany/lib/gcc/riscv64-unknown-elf/12.2.0/rv32im/ilp32/crtend.o

.riscv.attributes
                0x0000000000000000       0x25
 .riscv.attributes
                0x0000000000000000       0x1f /opt/bluespec/riscvtoolchain-medany-1.202210.0.1/toolchains/baremetal-medany/lib/gcc/riscv64-unknown-elf/12.2.0/../../../../riscv64-unknown-elf/lib/rv32im/ilp32/crt0.o
 .riscv.attributes
                0x000000000000001f       0x21 /opt/bluespec/riscvtoolchain-medany-1.202210.0.1/toolchains/baremetal-medany/lib/gcc/riscv64-unknown-elf/12.2.0/rv32im/ilp32/crtbegin.o
 .riscv.attributes
                0x0000000000000040       0x23 startup.o
 .riscv.attributes
                0x0000000000000063       0x21 /tmp/ccSTUjCJ.o
 .riscv.attributes
                0x0000000000000084       0x21 /tmp/ccNIg1ty.o
 .riscv.attributes
                0x00000000000000a5       0x21 /tmp/cc7TtZ89.o
 .riscv.attributes
                0x00000000000000c6       0x21 /tmp/cchLGqE3.o
 .riscv.attributes
                0x00000000000000e7       0x21 /opt/bluespec/riscvtoolchain-medany-1.202210.0.1/toolchains/baremetal-medany/lib/gcc/riscv64-unknown-elf/12.2.0/rv32im/ilp32/libgcc.a(_divdi3.o)
 .riscv.attributes
                0x0000000000000108       0x21 /opt/bluespec/riscvtoolchain-medany-1.202210.0.1/toolchains/baremetal-medany/lib/gcc/riscv64-unknown-elf/12.2.0/rv32im/ilp32/libgcc.a(_moddi3.o)
 .riscv.attributes
                0x0000000000000129       0x21 /opt/bluespec/riscvtoolchain-medany-1.202210.0.1/toolchains/baremetal-medany/lib/gcc/riscv64-unknown-elf/12.2.0/rv32im/ilp32/libgcc.a(_clz.o)
 .riscv.attributes
                0x000000000000014a       0x21 /opt/bluespec/riscvtoolchain-medany-1.202210.0.1/toolchains/baremetal-medany/lib/gcc/riscv64-unknown-elf/12.2.0/../../../../riscv64-unknown-elf/lib/rv32im/ilp32/libc.a(lib_a-errno.o)
 .riscv.attributes
                0x000000000000016b       0x21 /opt/bluespec/riscvtoolchain-medany-1.202210.0.1/toolchains/baremetal-medany/lib/gcc/riscv64-unknown-elf/12.2.0/../../../../riscv64-unknown-elf/lib/rv32im/ilp32/libc.a(lib_a-exit.o)
 .riscv.attributes
                0x000000000000018c       0x21 /opt/bluespec/riscvtoolchain-medany-1.202210.0.1/toolchains/baremetal-medany/lib/gcc/riscv64-unknown-elf/12.2.0/../../../../riscv64-unknown-elf/lib/rv32im/ilp32/libc.a(lib_a-impure.o)
 .riscv.attributes
                0x00000000000001ad       0x21 /opt/bluespec/riscvtoolchain-medany-1.202210.0.1/toolchains/baremetal-medany/lib/gcc/riscv64-unknown-elf/12.2.0/../../../../riscv64-unknown-elf/lib/rv32im/ilp32/libc.a(lib_a-init.o)
 .riscv.attributes
                0x00000000000001ce       0x1f /opt/bluespec/riscvtoolchain-medany-1.202210.0.1/toolchains/baremetal-medany/lib/gcc/riscv64-unknown-elf/12.2.0/../../../../riscv64-unknown-elf/lib/rv32im/ilp32/libc.a(lib_a-memset.o)
 .riscv.attributes
                0x00000000000001ed       0x21 /opt/bluespec/riscvtoolchain-medany-1.202210.0.1/toolchains/baremetal-medany/lib/gcc/riscv64-unknown-elf/12.2.0/../../../../riscv64-unknown-elf/lib/rv32im/ilp32/libc.a(lib_a-puts.o)
 .riscv.attributes
                0x000000000000020e       0x21 /opt/bluespec/riscvtoolchain-medany-1.202210.0.1/toolchains/baremetal-medany/lib/gcc/riscv64-unknown-elf/12.2.0/../../../../riscv64-unknown-elf/lib/rv32im/ilp32/libc.a(lib_a-strlen.o)
 .riscv.attributes
                0x000000000000022f       0x21 /opt/bluespec/riscvtoolchain-medany-1.202210.0.1/toolchains/baremetal-medany/lib/gcc/riscv64-unknown-elf/12.2.0/../../../../riscv64-unknown-elf/lib/rv32im/ilp32/libc.a(lib_a-__call_atexit.o)
 .riscv.attributes
                0x0000000000000250       0x21 /opt/bluespec/riscvtoolchain-medany-1.202210.0.1/toolchains/baremetal-medany/lib/gcc/riscv64-unknown-elf/12.2.0/../../../../riscv64-unknown-elf/lib/rv32im/ilp32/libc.a(lib_a-findfp.o)
 .riscv.attributes
                0x0000000000000271       0x21 /opt/bluespec/riscvtoolchain-medany-1.202210.0.1/toolchains/baremetal-medany/lib/gcc/riscv64-unknown-elf/12.2.0/../../../../riscv64-unknown-elf/lib/rv32im/ilp32/libc.a(lib_a-fini.o)
 .riscv.attributes
                0x0000000000000292       0x21 /opt/bluespec/riscvtoolchain-medany-1.202210.0.1/toolchains/baremetal-medany/lib/gcc/riscv64-unknown-elf/12.2.0/../../../../riscv64-unknown-elf/lib/rv32im/ilp32/libc.a(lib_a-fvwrite.o)
 .riscv.attributes
                0x00000000000002b3       0x21 /opt/bluespec/riscvtoolchain-medany-1.202210.0.1/toolchains/baremetal-medany/lib/gcc/riscv64-unknown-elf/12.2.0/../../../../riscv64-unknown-elf/lib/rv32im/ilp32/libc.a(lib_a-fwalk.o)
 .riscv.attributes
                0x00000000000002d4       0x21 /opt/bluespec/riscvtoolchain-medany-1.202210.0.1/toolchains/baremetal-medany/lib/gcc/riscv64-unknown-elf/12.2.0/../../../../riscv64-unknown-elf/lib/rv32im/ilp32/libc.a(lib_a-mallocr.o)
 .riscv.attributes
                0x00000000000002f5       0x21 /opt/bluespec/riscvtoolchain-medany-1.202210.0.1/toolchains/baremetal-medany/lib/gcc/riscv64-unknown-elf/12.2.0/../../../../riscv64-unknown-elf/lib/rv32im/ilp32/libc.a(lib_a-memchr.o)
 .riscv.attributes
                0x0000000000000316       0x21 /opt/bluespec/riscvtoolchain-medany-1.202210.0.1/toolchains/baremetal-medany/lib/gcc/riscv64-unknown-elf/12.2.0/../../../../riscv64-unknown-elf/lib/rv32im/ilp32/libc.a(lib_a-memcpy.o)
 .riscv.attributes
                0x0000000000000337       0x21 /opt/bluespec/riscvtoolchain-medany-1.202210.0.1/toolchains/baremetal-medany/lib/gcc/riscv64-unknown-elf/12.2.0/../../../../riscv64-unknown-elf/lib/rv32im/ilp32/libc.a(lib_a-memmove-stub.o)
 .riscv.attributes
                0x0000000000000358       0x21 /opt/bluespec/riscvtoolchain-medany-1.202210.0.1/toolchains/baremetal-medany/lib/gcc/riscv64-unknown-elf/12.2.0/../../../../riscv64-unknown-elf/lib/rv32im/ilp32/libc.a(lib_a-mlock.o)
 .riscv.attributes
                0x0000000000000379       0x21 /opt/bluespec/riscvtoolchain-medany-1.202210.0.1/toolchains/baremetal-medany/lib/gcc/riscv64-unknown-elf/12.2.0/../../../../riscv64-unknown-elf/lib/rv32im/ilp32/libc.a(lib_a-reallocr.o)
 .riscv.attributes
                0x000000000000039a       0x21 /opt/bluespec/riscvtoolchain-medany-1.202210.0.1/toolchains/baremetal-medany/lib/gcc/riscv64-unknown-elf/12.2.0/../../../../riscv64-unknown-elf/lib/rv32im/ilp32/libc.a(lib_a-sbrkr.o)
 .riscv.attributes
                0x00000000000003bb       0x21 /opt/bluespec/riscvtoolchain-medany-1.202210.0.1/toolchains/baremetal-medany/lib/gcc/riscv64-unknown-elf/12.2.0/../../../../riscv64-unknown-elf/lib/rv32im/ilp32/libc.a(lib_a-stdio.o)
 .riscv.attributes
                0x00000000000003dc       0x21 /opt/bluespec/riscvtoolchain-medany-1.202210.0.1/toolchains/baremetal-medany/lib/gcc/riscv64-unknown-elf/12.2.0/../../../../riscv64-unknown-elf/lib/rv32im/ilp32/libc.a(lib_a-writer.o)
 .riscv.attributes
                0x00000000000003fd       0x21 /opt/bluespec/riscvtoolchain-medany-1.202210.0.1/toolchains/baremetal-medany/lib/gcc/riscv64-unknown-elf/12.2.0/../../../../riscv64-unknown-elf/lib/rv32im/ilp32/libc.a(lib_a-wsetup.o)
 .riscv.attributes
                0x000000000000041e       0x21 /opt/bluespec/riscvtoolchain-medany-1.202210.0.1/toolchains/baremetal-medany/lib/gcc/riscv64-unknown-elf/12.2.0/../../../../riscv64-unknown-elf/lib/rv32im/ilp32/libc.a(lib_a-atexit.o)
 .riscv.attributes
                0x000000000000043f       0x21 /opt/bluespec/riscvtoolchain-medany-1.202210.0.1/toolchains/baremetal-medany/lib/gcc/riscv64-unknown-elf/12.2.0/../../../../riscv64-unknown-elf/lib/rv32im/ilp32/libc.a(lib_a-closer.o)
 .riscv.attributes
                0x0000000000000460       0x21 /opt/bluespec/riscvtoolchain-medany-1.202210.0.1/toolchains/baremetal-medany/lib/gcc/riscv64-unknown-elf/12.2.0/../../../../riscv64-unknown-elf/lib/rv32im/ilp32/libc.a(lib_a-fclose.o)
 .riscv.attributes
                0x0000000000000481       0x21 /opt/bluespec/riscvtoolchain-medany-1.202210.0.1/toolchains/baremetal-medany/lib/gcc/riscv64-unknown-elf/12.2.0/../../../../riscv64-unknown-elf/lib/rv32im/ilp32/libc.a(lib_a-fflush.o)
 .riscv.attributes
                0x00000000000004a2       0x21 /opt/bluespec/riscvtoolchain-medany-1.202210.0.1/toolchains/baremetal-medany/lib/gcc/riscv64-unknown-elf/12.2.0/../../../../riscv64-unknown-elf/lib/rv32im/ilp32/libc.a(lib_a-freer.o)
 .riscv.attributes
                0x00000000000004c3       0x21 /opt/bluespec/riscvtoolchain-medany-1.202210.0.1/toolchains/baremetal-medany/lib/gcc/riscv64-unknown-elf/12.2.0/../../../../riscv64-unknown-elf/lib/rv32im/ilp32/libc.a(lib_a-lseekr.o)
 .riscv.attributes
                0x00000000000004e4       0x21 /opt/bluespec/riscvtoolchain-medany-1.202210.0.1/toolchains/baremetal-medany/lib/gcc/riscv64-unknown-elf/12.2.0/../../../../riscv64-unknown-elf/lib/rv32im/ilp32/libc.a(lib_a-makebuf.o)
 .riscv.attributes
                0x0000000000000505       0x21 /opt/bluespec/riscvtoolchain-medany-1.202210.0.1/toolchains/baremetal-medany/lib/gcc/riscv64-unknown-elf/12.2.0/../../../../riscv64-unknown-elf/lib/rv32im/ilp32/libc.a(lib_a-readr.o)
 .riscv.attributes
                0x0000000000000526       0x21 /opt/bluespec/riscvtoolchain-medany-1.202210.0.1/toolchains/baremetal-medany/lib/gcc/riscv64-unknown-elf/12.2.0/../../../../riscv64-unknown-elf/lib/rv32im/ilp32/libc.a(lib_a-reent.o)
 .riscv.attributes
                0x0000000000000547       0x21 /opt/bluespec/riscvtoolchain-medany-1.202210.0.1/toolchains/baremetal-medany/lib/gcc/riscv64-unknown-elf/12.2.0/../../../../riscv64-unknown-elf/lib/rv32im/ilp32/libc.a(lib_a-__atexit.o)
 .riscv.attributes
                0x0000000000000568       0x21 /opt/bluespec/riscvtoolchain-medany-1.202210.0.1/toolchains/baremetal-medany/lib/gcc/riscv64-unknown-elf/12.2.0/../../../../riscv64-unknown-elf/lib/rv32im/ilp32/libc.a(lib_a-fstatr.o)
 .riscv.attributes
                0x0000000000000589       0x21 /opt/bluespec/riscvtoolchain-medany-1.202210.0.1/toolchains/baremetal-medany/lib/gcc/riscv64-unknown-elf/12.2.0/../../../../riscv64-unknown-elf/lib/rv32im/ilp32/libc.a(lib_a-isattyr.o)
 .riscv.attributes
                0x00000000000005aa       0x21 /opt/bluespec/riscvtoolchain-medany-1.202210.0.1/toolchains/baremetal-medany/lib/gcc/riscv64-unknown-elf/12.2.0/../../../../riscv64-unknown-elf/lib/rv32im/ilp32/libnosys.a(_exit.o)
 .riscv.attributes
                0x00000000000005cb       0x21 /opt/bluespec/riscvtoolchain-medany-1.202210.0.1/toolchains/baremetal-medany/lib/gcc/riscv64-unknown-elf/12.2.0/rv32im/ilp32/crtend.o

.gnu.build.attributes
 *(.gnu.build.attributes .gnu.build.attributes.*)

.debug
 *(.debug)

.line
 *(.line)

.debug_srcinfo
 *(.debug_srcinfo)

.debug_sfnames
 *(.debug_sfnames)

.debug_aranges  0x0000000000000000       0xf8
 *(.debug_aranges)
 .debug_aranges
                0x0000000000000000       0x20 startup.o
 .debug_aranges
                0x0000000000000020       0x20 /tmp/ccSTUjCJ.o
 .debug_aranges
                0x0000000000000040       0x20 /tmp/ccNIg1ty.o
 .debug_aranges
                0x0000000000000060       0x20 /tmp/cc7TtZ89.o
 .debug_aranges
                0x0000000000000080       0x20 /tmp/cchLGqE3.o
 .debug_aranges
                0x00000000000000a0       0x20 /opt/bluespec/riscvtoolchain-medany-1.202210.0.1/toolchains/baremetal-medany/lib/gcc/riscv64-unknown-elf/12.2.0/rv32im/ilp32/libgcc.a(_divdi3.o)
 .debug_aranges
                0x00000000000000c0       0x20 /opt/bluespec/riscvtoolchain-medany-1.202210.0.1/toolchains/baremetal-medany/lib/gcc/riscv64-unknown-elf/12.2.0/rv32im/ilp32/libgcc.a(_moddi3.o)
 .debug_aranges
                0x00000000000000e0       0x18 /opt/bluespec/riscvtoolchain-medany-1.202210.0.1/toolchains/baremetal-medany/lib/gcc/riscv64-unknown-elf/12.2.0/rv32im/ilp32/libgcc.a(_clz.o)

.debug_pubnames
 *(.debug_pubnames)

.debug_info     0x0000000000000000     0x1da8
 *(.debug_info .gnu.linkonce.wi.*)
 .debug_info    0x0000000000000000       0x24 startup.o
 .debug_info    0x0000000000000024       0xba /tmp/ccSTUjCJ.o
 .debug_info    0x00000000000000de      0x62a /tmp/ccNIg1ty.o
 .debug_info    0x0000000000000708      0x3af /tmp/cc7TtZ89.o
 .debug_info    0x0000000000000ab7      0x29e /tmp/cchLGqE3.o
 .debug_info    0x0000000000000d55      0x793 /opt/bluespec/riscvtoolchain-medany-1.202210.0.1/toolchains/baremetal-medany/lib/gcc/riscv64-unknown-elf/12.2.0/rv32im/ilp32/libgcc.a(_divdi3.o)
 .debug_info    0x00000000000014e8      0x7e8 /opt/bluespec/riscvtoolchain-medany-1.202210.0.1/toolchains/baremetal-medany/lib/gcc/riscv64-unknown-elf/12.2.0/rv32im/ilp32/libgcc.a(_moddi3.o)
 .debug_info    0x0000000000001cd0       0xd8 /opt/bluespec/riscvtoolchain-medany-1.202210.0.1/toolchains/baremetal-medany/lib/gcc/riscv64-unknown-elf/12.2.0/rv32im/ilp32/libgcc.a(_clz.o)

.debug_abbrev   0x0000000000000000      0x870
 *(.debug_abbrev)
 .debug_abbrev  0x0000000000000000       0x14 startup.o
 .debug_abbrev  0x0000000000000014       0x64 /tmp/ccSTUjCJ.o
 .debug_abbrev  0x0000000000000078      0x177 /tmp/ccNIg1ty.o
 .debug_abbrev  0x00000000000001ef      0x166 /tmp/cc7TtZ89.o
 .debug_abbrev  0x0000000000000355      0x122 /tmp/cchLGqE3.o
 .debug_abbrev  0x0000000000000477      0x1bf /opt/bluespec/riscvtoolchain-medany-1.202210.0.1/toolchains/baremetal-medany/lib/gcc/riscv64-unknown-elf/12.2.0/rv32im/ilp32/libgcc.a(_divdi3.o)
 .debug_abbrev  0x0000000000000636      0x1ca /opt/bluespec/riscvtoolchain-medany-1.202210.0.1/toolchains/baremetal-medany/lib/gcc/riscv64-unknown-elf/12.2.0/rv32im/ilp32/libgcc.a(_moddi3.o)
 .debug_abbrev  0x0000000000000800       0x70 /opt/bluespec/riscvtoolchain-medany-1.202210.0.1/toolchains/baremetal-medany/lib/gcc/riscv64-unknown-elf/12.2.0/rv32im/ilp32/libgcc.a(_clz.o)

.debug_line     0x0000000000000000     0x1897
 *(.debug_line .debug_line.* .debug_line_end)
 .debug_line    0x0000000000000000       0x96 startup.o
 .debug_line    0x0000000000000096       0x5e /tmp/ccSTUjCJ.o
 .debug_line    0x00000000000000f4      0x38f /tmp/ccNIg1ty.o
 .debug_line    0x0000000000000483      0x1f7 /tmp/cc7TtZ89.o
 .debug_line    0x000000000000067a      0x1ca /tmp/cchLGqE3.o
 .debug_line    0x0000000000000844      0x7bc /opt/bluespec/riscvtoolchain-medany-1.202210.0.1/toolchains/baremetal-medany/lib/gcc/riscv64-unknown-elf/12.2.0/rv32im/ilp32/libgcc.a(_divdi3.o)
 .debug_line    0x0000000000001000      0x858 /opt/bluespec/riscvtoolchain-medany-1.202210.0.1/toolchains/baremetal-medany/lib/gcc/riscv64-unknown-elf/12.2.0/rv32im/ilp32/libgcc.a(_moddi3.o)
 .debug_line    0x0000000000001858       0x3f /opt/bluespec/riscvtoolchain-medany-1.202210.0.1/toolchains/baremetal-medany/lib/gcc/riscv64-unknown-elf/12.2.0/rv32im/ilp32/libgcc.a(_clz.o)

.debug_frame    0x0000000000000000      0x47c
 *(.debug_frame)
 .debug_frame   0x0000000000000000       0x38 /tmp/ccSTUjCJ.o
 .debug_frame   0x0000000000000038      0x21c /tmp/ccNIg1ty.o
 .debug_frame   0x0000000000000254       0xc4 /tmp/cc7TtZ89.o
 .debug_frame   0x0000000000000318      0x164 /tmp/cchLGqE3.o

.debug_str      0x0000000000000000      0x7cf
 *(.debug_str)
 .debug_str     0x0000000000000000       0x50 startup.o
 .debug_str     0x0000000000000050       0xb8 /tmp/ccSTUjCJ.o
                                         0xfd (size before relaxing)
 .debug_str     0x0000000000000108      0x1e4 /tmp/ccNIg1ty.o
                                        0x33d (size before relaxing)
 .debug_str     0x00000000000002ec      0x204 /tmp/cc7TtZ89.o
                                        0x32b (size before relaxing)
 .debug_str     0x00000000000004f0       0x8f /tmp/cchLGqE3.o
                                        0x19a (size before relaxing)
 .debug_str     0x000000000000057f      0x197 /opt/bluespec/riscvtoolchain-medany-1.202210.0.1/toolchains/baremetal-medany/lib/gcc/riscv64-unknown-elf/12.2.0/rv32im/ilp32/libgcc.a(_divdi3.o)
                                        0x247 (size before relaxing)
 .debug_str     0x0000000000000716        0x9 /opt/bluespec/riscvtoolchain-medany-1.202210.0.1/toolchains/baremetal-medany/lib/gcc/riscv64-unknown-elf/12.2.0/rv32im/ilp32/libgcc.a(_moddi3.o)
                                        0x247 (size before relaxing)
 .debug_str     0x000000000000071f       0xb0 /opt/bluespec/riscvtoolchain-medany-1.202210.0.1/toolchains/baremetal-medany/lib/gcc/riscv64-unknown-elf/12.2.0/rv32im/ilp32/libgcc.a(_clz.o)
                                        0x195 (size before relaxing)

.debug_loc
 *(.debug_loc)

.debug_macinfo
 *(.debug_macinfo)

.debug_weaknames
 *(.debug_weaknames)

.debug_funcnames
 *(.debug_funcnames)

.debug_typenames
 *(.debug_typenames)

.debug_varnames
 *(.debug_varnames)

.debug_pubtypes
 *(.debug_pubtypes)

.debug_ranges
 *(.debug_ranges)

.debug_addr
 *(.debug_addr)

.debug_line_str
                0x0000000000000000      0x27e
 *(.debug_line_str)
 .debug_line_str
                0x0000000000000000       0x44 startup.o
 .debug_line_str
                0x0000000000000044        0x8 /tmp/ccSTUjCJ.o
                                         0x7e (size before relaxing)
 .debug_line_str
                0x000000000000004c      0x138 /tmp/ccNIg1ty.o
                                        0x1cc (size before relaxing)
 .debug_line_str
                0x0000000000000184       0x1b /tmp/cc7TtZ89.o
                                        0x195 (size before relaxing)
 .debug_line_str
                0x000000000000019f       0x18 /tmp/cchLGqE3.o
                                        0x1a0 (size before relaxing)
 .debug_line_str
                0x00000000000001b7       0xc7 /opt/bluespec/riscvtoolchain-medany-1.202210.0.1/toolchains/baremetal-medany/lib/gcc/riscv64-unknown-elf/12.2.0/rv32im/ilp32/libgcc.a(_divdi3.o)
                                        0x13a (size before relaxing)
 .debug_line_str
                0x000000000000027e      0x13a /opt/bluespec/riscvtoolchain-medany-1.202210.0.1/toolchains/baremetal-medany/lib/gcc/riscv64-unknown-elf/12.2.0/rv32im/ilp32/libgcc.a(_moddi3.o)
 .debug_line_str
                0x000000000000027e      0x13a /opt/bluespec/riscvtoolchain-medany-1.202210.0.1/toolchains/baremetal-medany/lib/gcc/riscv64-unknown-elf/12.2.0/rv32im/ilp32/libgcc.a(_clz.o)

.debug_loclists
                0x0000000000000000      0xfea
 *(.debug_loclists)
 .debug_loclists
                0x0000000000000000      0x852 /opt/bluespec/riscvtoolchain-medany-1.202210.0.1/toolchains/baremetal-medany/lib/gcc/riscv64-unknown-elf/12.2.0/rv32im/ilp32/libgcc.a(_divdi3.o)
 .debug_loclists
                0x0000000000000852      0x798 /opt/bluespec/riscvtoolchain-medany-1.202210.0.1/toolchains/baremetal-medany/lib/gcc/riscv64-unknown-elf/12.2.0/rv32im/ilp32/libgcc.a(_moddi3.o)

.debug_macro
 *(.debug_macro)

.debug_names
 *(.debug_names)

.debug_rnglists
                0x0000000000000000      0x1ab
 *(.debug_rnglists)
 .debug_rnglists
                0x0000000000000000       0xff /opt/bluespec/riscvtoolchain-medany-1.202210.0.1/toolchains/baremetal-medany/lib/gcc/riscv64-unknown-elf/12.2.0/rv32im/ilp32/libgcc.a(_divdi3.o)
 .debug_rnglists
                0x00000000000000ff       0xac /opt/bluespec/riscvtoolchain-medany-1.202210.0.1/toolchains/baremetal-medany/lib/gcc/riscv64-unknown-elf/12.2.0/rv32im/ilp32/libgcc.a(_moddi3.o)

.debug_str_offsets
 *(.debug_str_offsets)

.debug_sup
 *(.debug_sup)

.gnu.attributes
 *(.gnu.attributes)

/DISCARD/
 *(.note.GNU-stack)
 *(.gnu_debuglink)
 *(.gnu.lto_*)
OUTPUT(hello.RV32.bare.elf elf32-littleriscv)
